Component: ARM Compiler 5.06 update 7 (build 960) Tool: armlink [4d3601]

==============================================================================

Section Cross References

    startup_lpc17xx.o(STACK) refers (Special) to heapauxi.o(.text) for __use_two_region_memory
    startup_lpc17xx.o(HEAP) refers (Special) to heapauxi.o(.text) for __use_two_region_memory
    startup_lpc17xx.o(RESET) refers (Special) to heapauxi.o(.text) for __use_two_region_memory
    startup_lpc17xx.o(RESET) refers to startup_lpc17xx.o(STACK) for __initial_sp
    startup_lpc17xx.o(RESET) refers to startup_lpc17xx.o(.text) for Reset_Handler
    startup_lpc17xx.o(RESET) refers to irq_timer.o(.text) for TIMER0_IRQHandler
    startup_lpc17xx.o(RESET) refers to irq_button.o(.text) for EINT0_IRQHandler
    startup_lpc17xx.o(RESET) refers to irq_adc.o(.text) for ADC_IRQHandler
    startup_lpc17xx.o(RESET) refers to irq_rit.o(.text) for RIT_IRQHandler
    startup_lpc17xx.o(.ARM.__at_0x02FC) refers (Special) to heapauxi.o(.text) for __use_two_region_memory
    startup_lpc17xx.o(.text) refers (Special) to heapauxi.o(.text) for __use_two_region_memory
    startup_lpc17xx.o(.text) refers to __main.o(!!!main) for __main
    startup_lpc17xx.o(.text) refers to startup_lpc17xx.o(HEAP) for Heap_Mem
    startup_lpc17xx.o(.text) refers to startup_lpc17xx.o(STACK) for Stack_Mem
    sample.o(.text) refers to system_lpc17xx.o(.text) for SystemInit
    sample.o(.text) refers to glcd.o(.text) for LCD_Initialization
    sample.o(.text) refers to lib_button.o(.text) for BUTTON_init
    sample.o(.text) refers to lib_rit.o(.text) for init_RIT
    sample.o(.text) refers to lib_adc.o(.text) for ADC_init
    sample.o(.text) refers to lib_timer.o(.text) for init_timer
    sample.o(.text) refers to sample.o(.data) for AD_last
    system_lpc17xx.o(.text) refers to system_lpc17xx.o(.data) for SystemFrequency
    irq_timer.o(.text) refers to _printf_percent.o(.ARM.Collect$$_printf_percent$$00000000) for _printf_percent
    irq_timer.o(.text) refers to _printf_d.o(.ARM.Collect$$_printf_percent$$00000009) for _printf_d
    irq_timer.o(.text) refers to _printf_dec.o(.text) for _printf_int_dec
    irq_timer.o(.text) refers to glcd.o(.text) for change_ball
    irq_timer.o(.text) refers to strlen.o(.text) for strlen
    irq_timer.o(.text) refers to atoi.o(.text) for atoi
    irq_timer.o(.text) refers to sample.o(.data) for pallina_Y
    irq_timer.o(.text) refers to sample.o(.bss) for Reverse
    irq_timer.o(.text) refers to irq_timer.o(.data) for fatto
    irq_timer.o(.text) refers to noretval__2sprintf.o(.text) for __2sprintf
    irq_timer.o(.text) refers to lib_timer.o(.text) for disable_timer
    irq_timer.o(.text) refers to lib_adc.o(.text) for ADC_start_conversion
    asciilib.o(.text) refers to rt_memcpy_v6.o(.text) for __aeabi_memcpy
    asciilib.o(.text) refers to asciilib.o(.constdata) for AsciiLib
    glcd.o(.text) refers to glcd.o(.data) for LCD_Code
    glcd.o(.text) refers to asciilib.o(.text) for GetASCIICode
    glcd.o(.text) refers to irq_timer.o(.text) for paint_ball
    glcd.o(.text) refers to sample.o(.data) for pallina_X
    hzlib.o(.text) refers to rt_memcpy_v6.o(.text) for __aeabi_memcpy
    hzlib.o(.text) refers to hzlib.o(.constdata) for HzLib
    touchpanel.o(.text) refers to glcd.o(.text) for LCD_SetPoint
    touchpanel.o(.text) refers to rt_memclr_w.o(.text) for __aeabi_memclr4
    touchpanel.o(.text) refers to dflt_clz.o(x$fpl$dflt) for __aeabi_i2d
    touchpanel.o(.text) refers to deqf.o(x$fpl$deqf) for __aeabi_cdcmpeq
    touchpanel.o(.text) refers to dflt_clz.o(x$fpl$dfltu) for __aeabi_ui2d
    touchpanel.o(.text) refers to dmul.o(x$fpl$dmul) for __aeabi_dmul
    touchpanel.o(.text) refers to daddsub_clz.o(x$fpl$dadd) for __aeabi_dadd
    touchpanel.o(.text) refers to ddiv.o(x$fpl$ddiv) for __aeabi_ddiv
    touchpanel.o(.text) refers to dfixu.o(x$fpl$dfixu) for __aeabi_d2uiz
    touchpanel.o(.text) refers to touchpanel.o(.data) for screen
    touchpanel.o(.text) refers to touchpanel.o(.bss) for ScreenSample
    irq_adc.o(.text) refers to glcd.o(.text) for LCD_DrawLine
    irq_adc.o(.text) refers to sample.o(.data) for facile
    irq_rit.o(.text) refers to _printf_percent.o(.ARM.Collect$$_printf_percent$$00000000) for _printf_percent
    irq_rit.o(.text) refers to _printf_d.o(.ARM.Collect$$_printf_percent$$00000009) for _printf_d
    irq_rit.o(.text) refers to _printf_dec.o(.text) for _printf_int_dec
    irq_rit.o(.text) refers to rt_memcpy_w.o(.text) for __aeabi_memcpy4
    irq_rit.o(.text) refers to glcd.o(.text) for GUI_Text
    irq_rit.o(.text) refers to atoi.o(.text) for atoi
    irq_rit.o(.text) refers to irq_timer.o(.text) for paint_ball
    irq_rit.o(.text) refers to noretval__2sprintf.o(.text) for __2sprintf
    irq_rit.o(.text) refers to irq_adc.o(.text) for change_paddle
    irq_rit.o(.text) refers to lib_timer.o(.text) for enable_timer
[...]
    _get_argv.o(.text) refers to defsig_rtmem_outer.o(.text) for __rt_SIGRTMEM
    _get_argv.o(.text) refers to sys_command.o(.text) for _sys_command_string
    libinit2.o(.ARM.Collect$$libinit$$00000005) refers (Weak) to init_alloc.o(.text) for _init_alloc
    libinit2.o(.ARM.Collect$$libinit$$0000000F) refers (Weak) to rt_locale_intlibspace.o(.text) for __rt_locale
    libinit2.o(.ARM.Collect$$libinit$$00000010) refers to libinit2.o(.ARM.Collect$$libinit$$0000000F) for .ARM.Collect$$libinit$$0000000F
    libinit2.o(.ARM.Collect$$libinit$$00000012) refers to libinit2.o(.ARM.Collect$$libinit$$0000000F) for .ARM.Collect$$libinit$$0000000F
    libinit2.o(.ARM.Collect$$libinit$$00000012) refers (Weak) to lc_ctype_c.o(locale$$code) for _get_lc_ctype
    libinit2.o(.ARM.Collect$$libinit$$00000014) refers to libinit2.o(.ARM.Collect$$libinit$$0000000F) for .ARM.Collect$$libinit$$0000000F
    libinit2.o(.ARM.Collect$$libinit$$00000016) refers to libinit2.o(.ARM.Collect$$libinit$$0000000F) for .ARM.Collect$$libinit$$0000000F
    libinit2.o(.ARM.Collect$$libinit$$00000018) refers to libinit2.o(.ARM.Collect$$libinit$$0000000F) for .ARM.Collect$$libinit$$0000000F
    libinit2.o(.ARM.Collect$$libinit$$00000026) refers to argv_veneer.o(.emb_text) for __ARM_argv_veneer
    libinit2.o(.ARM.Collect$$libinit$$00000027) refers to argv_veneer.o(.emb_text) for __ARM_argv_veneer
    dcmpi.o(x$fpl$dcmpinf) refers (Special) to usenofp.o(x$fpl$usenofp) for __I$use$fp
    dnaninf.o(x$fpl$dnaninf) refers (Special) to usenofp.o(x$fpl$usenofp) for __I$use$fp
    dretinf.o(x$fpl$dretinf) refers (Special) to usenofp.o(x$fpl$usenofp) for __I$use$fp
    drleqf.o(x$fpl$drleqf) refers (Special) to usenofp.o(x$fpl$usenofp) for __I$use$fp
    drleqf.o(x$fpl$drleqf) refers to dleqf.o(x$fpl$dleqf) for __fpl_dcmple_InfNaN
    scalbn.o(x$fpl$scalbn) refers (Special) to usenofp.o(x$fpl$usenofp) for __I$use$fp
    scalbn.o(x$fpl$scalbn) refers to dcheck1.o(x$fpl$dcheck1) for __fpl_dcheck_NaN1
    dunder.o(i.__mathlib_dbl_divzero) refers to ddiv.o(x$fpl$ddiv) for __aeabi_ddiv
    dunder.o(i.__mathlib_dbl_infnan) refers to scalbn.o(x$fpl$scalbn) for __ARM_scalbn
    dunder.o(i.__mathlib_dbl_infnan2) refers to daddsub_clz.o(x$fpl$dadd) for __aeabi_dadd
    dunder.o(i.__mathlib_dbl_invalid) refers to ddiv.o(x$fpl$ddiv) for __aeabi_ddiv
    dunder.o(i.__mathlib_dbl_overflow) refers to scalbn.o(x$fpl$scalbn) for __ARM_scalbn
    dunder.o(i.__mathlib_dbl_posinfnan) refers to dmul.o(x$fpl$dmul) for __aeabi_dmul
    dunder.o(i.__mathlib_dbl_underflow) refers to scalbn.o(x$fpl$scalbn) for __ARM_scalbn
    fpclassify.o(i.__ARM_fpclassify) refers (Special) to usenofp.o(x$fpl$usenofp) for __I$use$fp
    poly.o(i.__kernel_poly) refers (Special) to usenofp.o(x$fpl$usenofp) for __I$use$fp
    poly.o(i.__kernel_poly) refers to dmul.o(x$fpl$dmul) for __aeabi_dmul
    poly.o(i.__kernel_poly) refers to daddsub_clz.o(x$fpl$dadd) for __aeabi_dadd
    qnan.o(.constdata) refers (Special) to usenofp.o(x$fpl$usenofp) for __I$use$fp
    sqrt.o(i.__softfp_sqrt) refers (Special) to usenofp.o(x$fpl$usenofp) for __I$use$fp
    sqrt.o(i.__softfp_sqrt) refers to dsqrt_noumaal.o(x$fpl$dsqrt) for _dsqrt
    sqrt.o(i.__softfp_sqrt) refers to _rserrno.o(.text) for __set_errno
    sqrt.o(i.sqrt) refers (Special) to usenofp.o(x$fpl$usenofp) for __I$use$fp
    sqrt.o(i.sqrt) refers to dsqrt_noumaal.o(x$fpl$dsqrt) for _dsqrt
    sqrt.o(i.sqrt) refers to _rserrno.o(.text) for __set_errno
    sqrt_x.o(i.____softfp_sqrt$lsc) refers (Special) to usenofp.o(x$fpl$usenofp) for __I$use$fp
    sqrt_x.o(i.____softfp_sqrt$lsc) refers to dleqf.o(x$fpl$dleqf) for __aeabi_cdcmple
    sqrt_x.o(i.____softfp_sqrt$lsc) refers to _rserrno.o(.text) for __set_errno
    sqrt_x.o(i.____softfp_sqrt$lsc) refers to dsqrt_noumaal.o(x$fpl$dsqrt) for _dsqrt
    sqrt_x.o(i.__sqrt$lsc) refers (Special) to usenofp.o(x$fpl$usenofp) for __I$use$fp
    sqrt_x.o(i.__sqrt$lsc) refers to dleqf.o(x$fpl$dleqf) for __aeabi_cdcmple
    sqrt_x.o(i.__sqrt$lsc) refers to _rserrno.o(.text) for __set_errno
    sqrt_x.o(i.__sqrt$lsc) refers to dsqrt_noumaal.o(x$fpl$dsqrt) for _dsqrt
    sys_command.o(.text) refers (Special) to use_no_semi.o(.text) for __I$use$semihosting
    sys_command.o(.text) refers (Special) to indicate_semi.o(.text) for __semihosting_library_function
    libspace.o(.text) refers to libspace.o(.bss) for __libspace_start
    __rtentry2.o(.ARM.Collect$$rtentry$$00000008) refers to boardinit2.o(.text) for _platform_post_stackheap_init
    __rtentry2.o(.ARM.Collect$$rtentry$$0000000A) refers to libinit.o(.ARM.Collect$$libinit$$00000000) for __rt_lib_init
    __rtentry2.o(.ARM.Collect$$rtentry$$0000000B) refers to boardinit3.o(.text) for _platform_post_lib_init
    __rtentry2.o(.ARM.Collect$$rtentry$$0000000D) refers to sample.o(.text) for main
    __rtentry2.o(.ARM.Collect$$rtentry$$0000000D) refers to exit.o(.text) for exit
    __rtentry2.o(.ARM.exidx) refers to __rtentry2.o(.ARM.Collect$$rtentry$$00000001) for .ARM.Collect$$rtentry$$00000001
    __rtentry2.o(.ARM.exidx) refers to __rtentry2.o(.ARM.Collect$$rtentry$$00000008) for .ARM.Collect$$rtentry$$00000008
    __rtentry2.o(.ARM.exidx) refers to __rtentry2.o(.ARM.Collect$$rtentry$$0000000A) for .ARM.Collect$$rtentry$$0000000A
    __rtentry2.o(.ARM.exidx) refers to __rtentry2.o(.ARM.Collect$$rtentry$$0000000B) for .ARM.Collect$$rtentry$$0000000B
    __rtentry2.o(.ARM.exidx) refers to __rtentry2.o(.ARM.Collect$$rtentry$$0000000D) for .ARM.Collect$$rtentry$$0000000D
    __rtentry4.o(.ARM.Collect$$rtentry$$00000004) refers to sys_stackheap_outer.o(.text) for __user_setup_stackheap
    __rtentry4.o(.ARM.exidx) refers to __rtentry4.o(.ARM.Collect$$rtentry$$00000004) for .ARM.Collect$$rtentry$$00000004
    maybetermalloc2.o(.emb_text) refers (Special) to term_alloc.o(.text) for _terminate_alloc
    h1_extend.o(.text) refers to h1_free.o(.text) for free
    h1_extend_mt.o(.text) refers to h1_free_mt.o(.text) for _free_internal
    _strtoul.o(.text) refers to _chval.o(.text) for _chval
    _strtoul.o(.text) refers to rt_errno_addr_intlibspace.o(.text) for __aeabi_errno_addr
    defsig_rtmem_outer.o(.text) refers to defsig_rtmem_inner.o(.text) for __rt_SIGRTMEM_inner
    defsig_rtmem_outer.o(.text) refers to defsig_exit.o(.text) for __sig_exit
    defsig_rtmem_formal.o(.text) refers to rt_raise.o(.text) for __rt_raise
    heapauxa.o(.text) refers to heapauxa.o(.data) for .data
    argv_veneer.o(.emb_text) refers to no_argv.o(.text) for __ARM_get_argv
    dcheck1.o(x$fpl$dcheck1) refers (Special) to usenofp.o(x$fpl$usenofp) for __I$use$fp
    dcheck1.o(x$fpl$dcheck1) refers to retnan.o(x$fpl$retnan) for __fpl_return_NaN
    dleqf.o(x$fpl$dleqf) refers (Special) to usenofp.o(x$fpl$usenofp) for __I$use$fp
    dleqf.o(x$fpl$dleqf) refers to dnaninf.o(x$fpl$dnaninf) for __fpl_dnaninf
    dleqf.o(x$fpl$dleqf) refers to dcmpi.o(x$fpl$dcmpinf) for __fpl_dcmp_Inf
    dsqrt_noumaal.o(x$fpl$dsqrt) refers (Special) to usenofp.o(x$fpl$usenofp) for __I$use$fp
    dsqrt_noumaal.o(x$fpl$dsqrt) refers to dnaninf.o(x$fpl$dnaninf) for __fpl_dnaninf
    sys_stackheap_outer.o(.text) refers to libspace.o(.text) for __user_perproc_libspace
    sys_stackheap_outer.o(.text) refers to startup_lpc17xx.o(.text) for __user_initial_stackheap
    rt_raise.o(.text) refers to __raise.o(.text) for __raise
    rt_raise.o(.text) refers to sys_exit.o(.text) for _sys_exit
    term_alloc.o(.text) refers (Special) to libshutdown2.o(.ARM.Collect$$libshutdown$$00000010) for __rt_lib_shutdown_heap_2
    term_alloc.o(.text) refers to rt_heap_descriptor_intlibspace.o(.text) for __rt_heap_descriptor
    term_alloc.o(.text) refers to h1_final.o(.text) for __Heap_Finalize
    exit.o(.text) refers to rtexit.o(.ARM.Collect$$rtexit$$00000000) for __rt_exit
    defsig_exit.o(.text) refers to sys_exit.o(.text) for _sys_exit
    defsig_rtmem_inner.o(.text) refers to defsig_general.o(.text) for __default_signal_display
    _get_argv_nomalloc.o(.text) refers (Special) to hrguard.o(.text) for __heap_region$guard
    _get_argv_nomalloc.o(.text) refers to defsig_rtmem_outer.o(.text) for __rt_SIGRTMEM
    _get_argv_nomalloc.o(.text) refers to sys_command.o(.text) for _sys_command_string
    libinit.o(.ARM.Collect$$libinit$$00000000) refers (Special) to libinit2.o(.ARM.Collect$$libinit$$0000002E) for __rt_lib_init_alloca_1
    libinit.o(.ARM.Collect$$libinit$$00000000) refers (Special) to libinit2.o(.ARM.Collect$$libinit$$0000002C) for __rt_lib_init_argv_1
    libinit.o(.ARM.Collect$$libinit$$00000000) refers (Special) to libinit2.o(.ARM.Collect$$libinit$$0000001B) for __rt_lib_init_atexit_1
    libinit.o(.ARM.Collect$$libinit$$00000000) refers (Special) to libinit2.o(.ARM.Collect$$libinit$$00000021) for __rt_lib_init_clock_1
    libinit.o(.ARM.Collect$$libinit$$00000000) refers (Special) to libinit2.o(.ARM.Collect$$libinit$$00000032) for __rt_lib_init_cpp_1
    libinit.o(.ARM.Collect$$libinit$$00000000) refers (Special) to libinit2.o(.ARM.Collect$$libinit$$00000030) for __rt_lib_init_exceptions_1
    libinit.o(.ARM.Collect$$libinit$$00000000) refers (Special) to libinit2.o(.ARM.Collect$$libinit$$00000002) for __rt_lib_init_fp_1
    libinit.o(.ARM.Collect$$libinit$$00000000) refers (Special) to libinit2.o(.ARM.Collect$$libinit$$0000001F) for __rt_lib_init_fp_trap_1
    libinit.o(.ARM.Collect$$libinit$$00000000) refers (Special) to libinit2.o(.ARM.Collect$$libinit$$00000023) for __rt_lib_init_getenv_1
    libinit.o(.ARM.Collect$$libinit$$00000000) refers (Special) to libinit2.o(.ARM.Collect$$libinit$$0000000A) for __rt_lib_init_heap_1
    libinit.o(.ARM.Collect$$libinit$$00000000) refers (Special) to libinit2.o(.ARM.Collect$$libinit$$00000011) for __rt_lib_init_lc_collate_1
    libinit.o(.ARM.Collect$$libinit$$00000000) refers (Special) to libinit2.o(.ARM.Collect$$libinit$$00000013) for __rt_lib_init_lc_ctype_1
    libinit.o(.ARM.Collect$$libinit$$00000000) refers (Special) to libinit2.o(.ARM.Collect$$libinit$$00000015) for __rt_lib_init_lc_monetary_1
    libinit.o(.ARM.Collect$$libinit$$00000000) refers (Special) to libinit2.o(.ARM.Collect$$libinit$$00000017) for __rt_lib_init_lc_numeric_1
    libinit.o(.ARM.Collect$$libinit$$00000000) refers (Special) to libinit2.o(.ARM.Collect$$libinit$$00000019) for __rt_lib_init_lc_time_1
    libinit.o(.ARM.Collect$$libinit$$00000000) refers (Special) to libinit2.o(.ARM.Collect$$libinit$$00000004) for __rt_lib_init_preinit_1
    libinit.o(.ARM.Collect$$libinit$$00000000) refers (Special) to libinit2.o(.ARM.Collect$$libinit$$0000000E) for __rt_lib_init_rand_1
    libinit.o(.ARM.Collect$$libinit$$00000000) refers (Special) to libinit2.o(.ARM.Collect$$libinit$$00000033) for __rt_lib_init_return
    libinit.o(.ARM.Collect$$libinit$$00000000) refers (Special) to libinit2.o(.ARM.Collect$$libinit$$0000001D) for __rt_lib_init_signal_1
    libinit.o(.ARM.Collect$$libinit$$00000000) refers (Special) to libinit2.o(.ARM.Collect$$libinit$$00000025) for __rt_lib_init_stdio_1
    libinit.o(.ARM.Collect$$libinit$$00000000) refers (Special) to libinit2.o(.ARM.Collect$$libinit$$0000000C) for __rt_lib_init_user_alloc_1
    retnan.o(x$fpl$retnan) refers (Special) to usenofp.o(x$fpl$usenofp) for __I$use$fp
    retnan.o(x$fpl$retnan) refers to trapv.o(x$fpl$trapveneer) for __fpl_cmpreturn
    sys_exit.o(.text) refers (Special) to use_no_semi.o(.text) for __I$use$semihosting
    sys_exit.o(.text) refers (Special) to indicate_semi.o(.text) for __semihosting_library_function
    rtexit.o(.ARM.Collect$$rtexit$$00000000) refers (Special) to rtexit2.o(.ARM.Collect$$rtexit$$00000004) for __rt_exit_exit
    rtexit.o(.ARM.Collect$$rtexit$$00000000) refers (Special) to rtexit2.o(.ARM.Collect$$rtexit$$00000003) for __rt_exit_ls
    rtexit.o(.ARM.Collect$$rtexit$$00000000) refers (Special) to rtexit2.o(.ARM.Collect$$rtexit$$00000002) for __rt_exit_prels_1
    rtexit.o(.ARM.exidx) refers (Special) to rtexit2.o(.ARM.Collect$$rtexit$$00000004) for __rt_exit_exit
    rtexit.o(.ARM.exidx) refers (Special) to rtexit2.o(.ARM.Collect$$rtexit$$00000003) for __rt_exit_ls
    rtexit.o(.ARM.exidx) refers (Special) to rtexit2.o(.ARM.Collect$$rtexit$$00000002) for __rt_exit_prels_1
    rtexit.o(.ARM.exidx) refers to rtexit.o(.ARM.Collect$$rtexit$$00000000) for .ARM.Collect$$rtexit$$00000000
    __raise.o(.text) refers to defsig.o(CL$$defsig) for __default_signal_handler
    defsig_general.o(.text) refers to sys_wrch.o(.text) for _ttywrch
    libshutdown2.o(.ARM.Collect$$libshutdown$$0000000F) refers (Weak) to term_alloc.o(.text) for _terminate_alloc
    trapv.o(x$fpl$trapveneer) refers (Special) to usenofp.o(x$fpl$usenofp) for __I$use$fp
    sys_wrch.o(.text) refers (Special) to use_no_semi.o(.text) for __I$use$semihosting
    sys_wrch.o(.text) refers (Special) to indicate_semi.o(.text) for __semihosting_library_function
    rtexit2.o(.ARM.Collect$$rtexit$$00000003) refers to libshutdown.o(.ARM.Collect$$libshutdown$$00000000) for __rt_lib_shutdown
    rtexit2.o(.ARM.Collect$$rtexit$$00000004) refers to sys_exit.o(.text) for _sys_exit
    rtexit2.o(.ARM.exidx) refers to rtexit2.o(.ARM.Collect$$rtexit$$00000001) for .ARM.Collect$$rtexit$$00000001
    rtexit2.o(.ARM.exidx) refers to rtexit2.o(.ARM.Collect$$rtexit$$00000003) for .ARM.Collect$$rtexit$$00000003
    rtexit2.o(.ARM.exidx) refers to rtexit2.o(.ARM.Collect$$rtexit$$00000004) for .ARM.Collect$$rtexit$$00000004
    defsig.o(CL$$defsig) refers to defsig_rtmem_inner.o(.text) for __rt_SIGRTMEM_inner
    defsig_abrt_inner.o(.text) refers to defsig_general.o(.text) for __default_signal_display
    defsig_fpe_inner.o(.text) refers to defsig_general.o(.text) for __default_signal_display
    defsig_rtred_inner.o(.text) refers to defsig_general.o(.text) for __default_signal_display
    defsig_stak_inner.o(.text) refers to defsig_general.o(.text) for __default_signal_display
    defsig_pvfn_inner.o(.text) refers to defsig_general.o(.text) for __default_signal_display
    defsig_cppl_inner.o(.text) refers to defsig_general.o(.text) for __default_signal_display
    defsig_segv_inner.o(.text) refers to defsig_general.o(.text) for __default_signal_display
    defsig_other.o(.text) refers to defsig_general.o(.text) for __default_signal_display
    libshutdown.o(.ARM.Collect$$libshutdown$$00000000) refers (Special) to libshutdown2.o(.ARM.Collect$$libshutdown$$00000004) for __rt_lib_shutdown_cpp_1
    libshutdown.o(.ARM.Collect$$libshutdown$$00000000) refers (Special) to libshutdown2.o(.ARM.Collect$$libshutdown$$00000002) for __rt_lib_shutdown_fini_1
    libshutdown.o(.ARM.Collect$$libshutdown$$00000000) refers (Special) to libshutdown2.o(.ARM.Collect$$libshutdown$$00000009) for __rt_lib_shutdown_fp_trap_1
    libshutdown.o(.ARM.Collect$$libshutdown$$00000000) refers (Special) to libshutdown2.o(.ARM.Collect$$libshutdown$$00000011) for __rt_lib_shutdown_heap_1
    libshutdown.o(.ARM.Collect$$libshutdown$$00000000) refers (Special) to libshutdown2.o(.ARM.Collect$$libshutdown$$00000012) for __rt_lib_shutdown_return
    libshutdown.o(.ARM.Collect$$libshutdown$$00000000) refers (Special) to libshutdown2.o(.ARM.Collect$$libshutdown$$0000000C) for __rt_lib_shutdown_signal_1
    libshutdown.o(.ARM.Collect$$libshutdown$$00000000) refers (Special) to libshutdown2.o(.ARM.Collect$$libshutdown$$00000006) for __rt_lib_shutdown_stdio_1
    libshutdown.o(.ARM.Collect$$libshutdown$$00000000) refers (Special) to libshutdown2.o(.ARM.Collect$$libshutdown$$0000000E) for __rt_lib_shutdown_user_alloc_1


==============================================================================

Removing Unused input sections from the image.

    Removing sample.o(.rev16_text), (4 bytes).
    Removing sample.o(.revsh_text), (4 bytes).
    Removing sample.o(.rrx_text), (6 bytes).
    Removing core_cm3.o(.emb_text), (32 bytes).
    Removing system_lpc17xx.o(.rev16_text), (4 bytes).
    Removing system_lpc17xx.o(.revsh_text), (4 bytes).
    Removing system_lpc17xx.o(.rrx_text), (6 bytes).
    Removing irq_timer.o(.rev16_text), (4 bytes).
    Removing irq_timer.o(.revsh_text), (4 bytes).
    Removing irq_timer.o(.rrx_text), (6 bytes).
    Removing lib_timer.o(.rev16_text), (4 bytes).
    Removing lib_timer.o(.revsh_text), (4 bytes).
    Removing lib_timer.o(.rrx_text), (6 bytes).
    Removing glcd.o(.rev16_text), (4 bytes).
    Removing glcd.o(.revsh_text), (4 bytes).
    Removing glcd.o(.rrx_text), (6 bytes).
    Removing hzlib.o(.text), (52 bytes).
    Removing hzlib.o(.constdata), (216576 bytes).
    Removing touchpanel.o(.rev16_text), (4 bytes).
    Removing touchpanel.o(.revsh_text), (4 bytes).
    Removing touchpanel.o(.rrx_text), (6 bytes).
    Removing touchpanel.o(.text), (2424 bytes).
    Removing touchpanel.o(.bss), (68 bytes).
    Removing touchpanel.o(.data), (20 bytes).
    Removing irq_adc.o(.rev16_text), (4 bytes).
    Removing irq_adc.o(.revsh_text), (4 bytes).
    Removing irq_adc.o(.rrx_text), (6 bytes).
    Removing lib_adc.o(.rev16_text), (4 bytes).
    Removing lib_adc.o(.revsh_text), (4 bytes).
    Removing lib_adc.o(.rrx_text), (6 bytes).
    Removing irq_rit.o(.rev16_text), (4 bytes).
    Removing irq_rit.o(.revsh_text), (4 bytes).
    Removing irq_rit.o(.rrx_text), (6 bytes).
    Removing lib_rit.o(.rev16_text), (4 bytes).
    Removing lib_rit.o(.revsh_text), (4 bytes).
    Removing lib_rit.o(.rrx_text), (6 bytes).
    Removing funct_joystick.o(.rev16_text), (4 bytes).
    Removing funct_joystick.o(.revsh_text), (4 bytes).
    Removing funct_joystick.o(.rrx_text), (6 bytes).
    Removing lib_joystick.o(.rev16_text), (4 bytes).
    Removing lib_joystick.o(.revsh_text), (4 bytes).
    Removing lib_joystick.o(.rrx_text), (6 bytes).
    Removing lib_joystick.o(.text), (84 bytes).
    Removing irq_button.o(.rev16_text), (4 bytes).
    Removing irq_button.o(.revsh_text), (4 bytes).
    Removing irq_button.o(.rrx_text), (6 bytes).
    Removing lib_button.o(.rev16_text), (4 bytes).
    Removing lib_button.o(.revsh_text), (4 bytes).
    Removing lib_button.o(.rrx_text), (6 bytes).
    Removing funct_led.o(.rev16_text), (4 bytes).
    Removing funct_led.o(.revsh_text), (4 bytes).
    Removing funct_led.o(.rrx_text), (6 bytes).
    Removing funct_led.o(.text), (1040 bytes).
    Removing funct_led.o(.constdata), (32 bytes).
    Removing lib_led.o(.rev16_text), (4 bytes).
    Removing lib_led.o(.revsh_text), (4 bytes).
    Removing lib_led.o(.rrx_text), (6 bytes).
    Removing lib_led.o(.text), (64 bytes).
    Removing lib_led.o(.data), (1 bytes).

59 unused section(s) (total 220617 bytes) removed from the image.

==============================================================================

Image Symbol Table

    Local Symbols

    Symbol Name                              Value     Ov Type        Size  Object(Section)

    RESET                                    0x00000000   Section      204  startup_lpc17xx.o(RESET)
    ../clib/angel/boardlib.s                 0x00000000   Number         0  boardshut.o ABSOLUTE
    ../clib/angel/boardlib.s                 0x00000000   Number         0  boardinit3.o ABSOLUTE
    ../clib/angel/boardlib.s                 0x00000000   Number         0  boardinit2.o ABSOLUTE
    ../clib/angel/boardlib.s                 0x00000000   Number         0  boardinit1.o ABSOLUTE
    ../clib/angel/dczerorl2.s                0x00000000   Number         0  __dczerorl2.o ABSOLUTE
    ../clib/angel/handlers.s                 0x00000000   Number         0  __scatter_zi.o ABSOLUTE
    ../clib/angel/kernel.s                   0x00000000   Number         0  rtexit2.o ABSOLUTE
    ../clib/angel/kernel.s                   0x00000000   Number         0  __rtentry.o ABSOLUTE
    ../clib/angel/kernel.s                   0x00000000   Number         0  __rtentry2.o ABSOLUTE
    ../clib/angel/kernel.s                   0x00000000   Number         0  __rtentry4.o ABSOLUTE
    ../clib/angel/kernel.s                   0x00000000   Number         0  rtexit.o ABSOLUTE
    ../clib/angel/rt.s                       0x00000000   Number         0  rt_locale.o ABSOLUTE
    ../clib/angel/rt.s                       0x00000000   Number         0  rt_locale_intlibspace.o ABSOLUTE
    ../clib/angel/rt.s                       0x00000000   Number         0  rt_errno_addr.o ABSOLUTE
    ../clib/angel/rt.s                       0x00000000   Number         0  rt_ctype_table.o ABSOLUTE
    ../clib/angel/rt.s                       0x00000000   Number         0  rt_errno_addr_intlibspace.o ABSOLUTE
    ../clib/angel/rt.s                       0x00000000   Number         0  rt_heap_descriptor.o ABSOLUTE
    ../clib/angel/rt.s                       0x00000000   Number         0  rt_raise.o ABSOLUTE
    ../clib/angel/rt.s                       0x00000000   Number         0  rt_heap_descriptor_intlibspace.o ABSOLUTE
    ../clib/angel/scatter.s                  0x00000000   Number         0  __scatter.o ABSOLUTE
    ../clib/angel/startup.s                  0x00000000   Number         0  __main.o ABSOLUTE
    ../clib/angel/sys.s                      0x00000000   Number         0  use_no_semi.o ABSOLUTE
    ../clib/angel/sys.s                      0x00000000   Number         0  libspace.o ABSOLUTE
    ../clib/angel/sys.s                      0x00000000   Number         0  mutex_dummy.o ABSOLUTE
    ../clib/angel/sys.s                      0x00000000   Number         0  indicate_semi.o ABSOLUTE
    ../clib/angel/sys.s                      0x00000000   Number         0  sys_stackheap_outer.o ABSOLUTE
    ../clib/angel/sysapp.c                   0x00000000   Number         0  sys_wrch.o ABSOLUTE
    ../clib/angel/sysapp.c                   0x00000000   Number         0  sys_exit.o ABSOLUTE
    ../clib/angel/sysapp.c                   0x00000000   Number         0  sys_command.o ABSOLUTE
    ../clib/armsys.c                         0x00000000   Number         0  argv_veneer.o ABSOLUTE
    ../clib/armsys.c                         0x00000000   Number         0  _get_argv.o ABSOLUTE
    ../clib/armsys.c                         0x00000000   Number         0  no_argv.o ABSOLUTE
    ../clib/armsys.c                         0x00000000   Number         0  _get_argv_nomalloc.o ABSOLUTE
    ../clib/armsys.c                         0x00000000   Number         0  argv_veneer.o ABSOLUTE
    ../clib/fenv.c                           0x00000000   Number         0  _rserrno.o ABSOLUTE
    ../clib/heap1.c                          0x00000000   Number         0  h1_final_mt.o ABSOLUTE
    ../clib/heap1.c                          0x00000000   Number         0  h1_final.o ABSOLUTE
    ../clib/heap1.c                          0x00000000   Number         0  h1_free.o ABSOLUTE
    ../clib/heap1.c                          0x00000000   Number         0  h1_free_mt.o ABSOLUTE
    ../clib/heap1.c                          0x00000000   Number         0  h1_extend_mt.o ABSOLUTE
    ../clib/heap1.c                          0x00000000   Number         0  h1_extend.o ABSOLUTE
    ../clib/heap1.c                          0x00000000   Number         0  h1_alloc_mt.o ABSOLUTE
    ../clib/heap1.c                          0x00000000   Number         0  h1_alloc.o ABSOLUTE
    ../clib/heap1.c                          0x00000000   Number         0  h1_init.o ABSOLUTE
    ../clib/heap1.c                          0x00000000   Number         0  h1_init_mt.o ABSOLUTE
    ../clib/heap2.c                          0x00000000   Number         0  heap2.o ABSOLUTE
    ../clib/heap2.c                          0x00000000   Number         0  heap2mt.o ABSOLUTE
    ../clib/heap2.c                          0x00000000   Number         0  fdtree.o ABSOLUTE
    ../clib/heapalloc.c                      0x00000000   Number         0  calloc.o ABSOLUTE
    ../clib/heapalloc.c                      0x00000000   Number         0  hguard.o ABSOLUTE
    ../clib/heapalloc.c                      0x00000000   Number         0  init_alloc.o ABSOLUTE
    ../clib/heapalloc.c                      0x00000000   Number         0  term_alloc.o ABSOLUTE
    ../clib/heapalloc.c                      0x00000000   Number         0  maybetermalloc2.o ABSOLUTE
    ../clib/heapalloc.c                      0x00000000   Number         0  maybetermalloc2.o ABSOLUTE
    ../clib/heapalloc.c                      0x00000000   Number         0  maybetermalloc1.o ABSOLUTE
    ../clib/heapalloc.c                      0x00000000   Number         0  heapstubs.o ABSOLUTE
    ../clib/heapalloc.c                      0x00000000   Number         0  hrguard.o ABSOLUTE
    ../clib/heapalloc.c                      0x00000000   Number         0  free.o ABSOLUTE
    ../clib/heapalloc.c                      0x00000000   Number         0  malloc.o ABSOLUTE
    ../clib/heapalloc.c                      0x00000000   Number         0  maybetermalloc1.o ABSOLUTE
    ../clib/heapaux.c                        0x00000000   Number         0  heapauxi.o ABSOLUTE
    ../clib/heapaux.c                        0x00000000   Number         0  heapauxa.o ABSOLUTE
    ../clib/libinit.s                        0x00000000   Number         0  libshutdown.o ABSOLUTE
    ../clib/libinit.s                        0x00000000   Number         0  libinit.o ABSOLUTE
    ../clib/libinit.s                        0x00000000   Number         0  libshutdown2.o ABSOLUTE
    ../clib/libinit.s                        0x00000000   Number         0  libinit2.o ABSOLUTE
    ../clib/locale.s                         0x00000000   Number         0  lc_ctype_c.o ABSOLUTE
    ../clib/memcpset.s                       0x00000000   Number         0  strcmpv7m.o ABSOLUTE
    ../clib/memcpset.s                       0x00000000   Number         0  rt_memcpy_v6.o ABSOLUTE
    ../clib/memcpset.s                       0x00000000   Number         0  rt_memcpy_w.o ABSOLUTE
    ../clib/memcpset.s                       0x00000000   Number         0  rt_memclr_w.o ABSOLUTE
    ../clib/memcpset.s                       0x00000000   Number         0  rt_memclr.o ABSOLUTE
    ../clib/printf.c                         0x00000000   Number         0  __printf_wp.o ABSOLUTE
    ../clib/printf.c                         0x00000000   Number         0  __printf_flags_wp.o ABSOLUTE
    ../clib/printf.c                         0x00000000   Number         0  __printf_ss_wp.o ABSOLUTE
    ../clib/printf.c                         0x00000000   Number         0  __printf_flags_ss_wp.o ABSOLUTE
    ../clib/printf.c                         0x00000000   Number         0  __printf_nopercent.o ABSOLUTE
    ../clib/printf.c                         0x00000000   Number         0  _printf_intcommon.o ABSOLUTE
    ../clib/printf.c                         0x00000000   Number         0  _printf_char_common.o ABSOLUTE
    ../clib/printf.c                         0x00000000   Number         0  _sputc.o ABSOLUTE
    ../clib/printf.c                         0x00000000   Number         0  __2sprintf.o ABSOLUTE
    ../clib/printf.c                         0x00000000   Number         0  noretval__2sprintf.o ABSOLUTE
    ../clib/printf.c                         0x00000000   Number         0  __printf.o ABSOLUTE
    ../clib/printf.c                         0x00000000   Number         0  _printf_dec.o ABSOLUTE
    ../clib/printf.c                         0x00000000   Number         0  __printf_flags.o ABSOLUTE
    ../clib/printf.c                         0x00000000   Number         0  __printf_ss.o ABSOLUTE
    ../clib/printf.c                         0x00000000   Number         0  __printf_flags_ss.o ABSOLUTE
    ../clib/printf_percent.s                 0x00000000   Number         0  _printf_percent_end.o ABSOLUTE
    ../clib/printf_percent.s                 0x00000000   Number         0  _printf_d.o ABSOLUTE
    ../clib/printf_percent.s                 0x00000000   Number         0  _printf_percent.o ABSOLUTE
    ../clib/scanf.c                          0x00000000   Number         0  _strtoul.o ABSOLUTE
    ../clib/scanf.c                          0x00000000   Number         0  atoi.o ABSOLUTE
    ../clib/scanf.c                          0x00000000   Number         0  strtol.o ABSOLUTE
    ../clib/scanf.c                          0x00000000   Number         0  _chval.o ABSOLUTE
    ../clib/signal.c                         0x00000000   Number         0  defsig_rtred_inner.o ABSOLUTE
    ../clib/signal.c                         0x00000000   Number         0  defsig_pvfn_inner.o ABSOLUTE
    ../clib/signal.c                         0x00000000   Number         0  __raise.o ABSOLUTE
    ../clib/signal.c                         0x00000000   Number         0  defsig_cppl_inner.o ABSOLUTE
    ../clib/signal.c                         0x00000000   Number         0  defsig_stak_inner.o ABSOLUTE
    ../clib/signal.c                         0x00000000   Number         0  defsig_segv_inner.o ABSOLUTE
    ../clib/signal.c                         0x00000000   Number         0  defsig_rtmem_outer.o ABSOLUTE
    ../clib/signal.c                         0x00000000   Number         0  defsig_rtmem_formal.o ABSOLUTE
    ../clib/signal.c                         0x00000000   Number         0  defsig_other.o ABSOLUTE
    ../clib/signal.c                         0x00000000   Number         0  defsig_rtmem_inner.o ABSOLUTE
    ../clib/signal.c                         0x00000000   Number         0  defsig_exit.o ABSOLUTE
    ../clib/signal.c                         0x00000000   Number         0  defsig_fpe_inner.o ABSOLUTE
    ../clib/signal.c                         0x00000000   Number         0  defsig_abrt_inner.o ABSOLUTE
    ../clib/signal.c                         0x00000000   Number         0  defsig_general.o ABSOLUTE
    ../clib/signal.s                         0x00000000   Number         0  defsig.o ABSOLUTE
    ../clib/stdlib.c                         0x00000000   Number         0  exit.o ABSOLUTE
    ../clib/string.c                         0x00000000   Number         0  strlen.o ABSOLUTE
    ../fplib/daddsub.s                       0x00000000   Number         0  daddsub_clz.o ABSOLUTE
    ../fplib/dcheck1.s                       0x00000000   Number         0  dcheck1.o ABSOLUTE
    ../fplib/dcmpi.s                         0x00000000   Number         0  dcmpi.o ABSOLUTE
    ../fplib/ddiv.s                          0x00000000   Number         0  ddiv.o ABSOLUTE
    ../fplib/deqf.s                          0x00000000   Number         0  deqf.o ABSOLUTE
    ../fplib/dfix.s                          0x00000000   Number         0  dfix.o ABSOLUTE
    ../fplib/dfixu.s                         0x00000000   Number         0  dfixu.o ABSOLUTE
    ../fplib/dflt.s                          0x00000000   Number         0  dflt_clz.o ABSOLUTE
    ../fplib/dleqf.s                         0x00000000   Number         0  dleqf.o ABSOLUTE
    ../fplib/dmul.s                          0x00000000   Number         0  dmul.o ABSOLUTE
    ../fplib/dnaninf.s                       0x00000000   Number         0  dnaninf.o ABSOLUTE
    ../fplib/dretinf.s                       0x00000000   Number         0  dretinf.o ABSOLUTE
    ../fplib/drleqf.s                        0x00000000   Number         0  drleqf.o ABSOLUTE
    ../fplib/dsqrt.s                         0x00000000   Number         0  dsqrt_noumaal.o ABSOLUTE
    ../fplib/fpinit.s                        0x00000000   Number         0  fpinit.o ABSOLUTE
    ../fplib/retnan.s                        0x00000000   Number         0  retnan.o ABSOLUTE
    ../fplib/scalbn.s                        0x00000000   Number         0  scalbn.o ABSOLUTE
    ../fplib/trapv.s                         0x00000000   Number         0  trapv.o ABSOLUTE
    ../fplib/usenofp.s                       0x00000000   Number         0  usenofp.o ABSOLUTE
    ../mathlib/dunder.c                      0x00000000   Number         0  dunder.o ABSOLUTE
    ../mathlib/fpclassify.c                  0x00000000   Number         0  fpclassify.o ABSOLUTE
    ../mathlib/poly.c                        0x00000000   Number         0  poly.o ABSOLUTE
    ../mathlib/pow.c                         0x00000000   Number         0  pow.o ABSOLUTE
    ../mathlib/pow.c                         0x00000000   Number         0  pow_x.o ABSOLUTE
    ../mathlib/qnan.c                        0x00000000   Number         0  qnan.o ABSOLUTE
    ../mathlib/sqrt.c                        0x00000000   Number         0  sqrt.o ABSOLUTE
    ../mathlib/sqrt.c                        0x00000000   Number         0  sqrt_x.o ABSOLUTE
    Button\IRQ_button.c                      0x00000000   Number         0  irq_button.o ABSOLUTE
    Button\\IRQ_button.c                     0x00000000   Number         0  irq_button.o ABSOLUTE
    Button\\lib_button.c                     0x00000000   Number         0  lib_button.o ABSOLUTE
    Button\lib_button.c                      0x00000000   Number         0  lib_button.o ABSOLUTE
    GLCD\AsciiLib.c                          0x00000000   Number         0  asciilib.o ABSOLUTE
    GLCD\GLCD.c                              0x00000000   Number         0  glcd.o ABSOLUTE
    GLCD\HzLib.c                             0x00000000   Number         0  hzlib.o ABSOLUTE
    GLCD\\GLCD.c                             0x00000000   Number         0  glcd.o ABSOLUTE
    RIT\IRQ_RIT.c                            0x00000000   Number         0  irq_rit.o ABSOLUTE
    RIT\\IRQ_RIT.c                           0x00000000   Number         0  irq_rit.o ABSOLUTE
    RIT\\lib_RIT.c                           0x00000000   Number         0  lib_rit.o ABSOLUTE
    RIT\lib_RIT.c                            0x00000000   Number         0  lib_rit.o ABSOLUTE
    TouchPanel\TouchPanel.c                  0x00000000   Number         0  touchpanel.o ABSOLUTE
    TouchPanel\\TouchPanel.c                 0x00000000   Number         0  touchpanel.o ABSOLUTE
    adc\IRQ_adc.c                            0x00000000   Number         0  irq_adc.o ABSOLUTE
    adc\\IRQ_adc.c                           0x00000000   Number         0  irq_adc.o ABSOLUTE
    adc\\lib_adc.c                           0x00000000   Number         0  lib_adc.o ABSOLUTE
    adc\lib_adc.c                            0x00000000   Number         0  lib_adc.o ABSOLUTE
    core_cm3.c                               0x00000000   Number         0  core_cm3.o ABSOLUTE
    core_cm3.c                               0x00000000   Number         0  core_cm3.o ABSOLUTE
    dc.s                                     0x00000000   Number         0  dc.o ABSOLUTE
    joystick\\funct_joystick.c               0x00000000   Number         0  funct_joystick.o ABSOLUTE
    joystick\\lib_joystick.c                 0x00000000   Number         0  lib_joystick.o ABSOLUTE
    joystick\funct_joystick.c                0x00000000   Number         0  funct_joystick.o ABSOLUTE
    joystick\lib_joystick.c                  0x00000000   Number         0  lib_joystick.o ABSOLUTE
    led\\funct_led.c                         0x00000000   Number         0  funct_led.o ABSOLUTE
    led\\lib_led.c                           0x00000000   Number         0  lib_led.o ABSOLUTE
    led\funct_led.c                          0x00000000   Number         0  funct_led.o ABSOLUTE
    led\lib_led.c                            0x00000000   Number         0  lib_led.o ABSOLUTE
    sample.c                                 0x00000000   Number         0  sample.o ABSOLUTE
    sample.c                                 0x00000000   Number         0  sample.o ABSOLUTE
    startup_LPC17xx.s                        0x00000000   Number         0  startup_lpc17xx.o ABSOLUTE
    system_LPC17xx.c                         0x00000000   Number         0  system_lpc17xx.o ABSOLUTE
    system_LPC17xx.c                         0x00000000   Number         0  system_lpc17xx.o ABSOLUTE
    timer\IRQ_timer.c                        0x00000000   Number         0  irq_timer.o ABSOLUTE
    timer\\IRQ_timer.c                       0x00000000   Number         0  irq_timer.o ABSOLUTE
    timer\\lib_timer.c                       0x00000000   Number         0  lib_timer.o ABSOLUTE
    timer\lib_timer.c                        0x00000000   Number         0  lib_timer.o ABSOLUTE
    !!!main                                  0x000000cc   Section        8  __main.o(!!!main)
    !!!scatter                               0x000000d4   Section       52  __scatter.o(!!!scatter)
    !!dczerorl2                              0x00000108   Section       90  __dczerorl2.o(!!dczerorl2)
    !!handler_zi                             0x00000164   Section       28  __scatter_zi.o(!!handler_zi)
    .ARM.Collect$$_printf_percent$$00000000  0x00000180   Section        0  _printf_percent.o(.ARM.Collect$$_printf_percent$$00000000)
    .ARM.Collect$$_printf_percent$$00000009  0x00000180   Section        6  _printf_d.o(.ARM.Collect$$_printf_percent$$00000009)
    .ARM.Collect$$_printf_percent$$00000017  0x00000186   Section        4  _printf_percent_end.o(.ARM.Collect$$_printf_percent$$00000017)
    .ARM.Collect$$libinit$$00000000          0x0000018a   Section        2  libinit.o(.ARM.Collect$$libinit$$00000000)
    .ARM.Collect$$libinit$$00000002          0x0000018c   Section        0  libinit2.o(.ARM.Collect$$libinit$$00000002)
    .ARM.Collect$$libinit$$00000004          0x0000018c   Section        0  libinit2.o(.ARM.Collect$$libinit$$00000004)
    .ARM.Collect$$libinit$$0000000A          0x0000018c   Section        0  libinit2.o(.ARM.Collect$$libinit$$0000000A)
    .ARM.Collect$$libinit$$0000000C          0x0000018c   Section        0  libinit2.o(.ARM.Collect$$libinit$$0000000C)
    .ARM.Collect$$libinit$$0000000E          0x0000018c   Section        0  libinit2.o(.ARM.Collect$$libinit$$0000000E)
    .ARM.Collect$$libinit$$0000000F          0x0000018c   Section        6  libinit2.o(.ARM.Collect$$libinit$$0000000F)
    .ARM.Collect$$libinit$$00000011          0x00000192   Section        0  libinit2.o(.ARM.Collect$$libinit$$00000011)
    .ARM.Collect$$libinit$$00000012          0x00000192   Section       12  libinit2.o(.ARM.Collect$$libinit$$00000012)
    .ARM.Collect$$libinit$$00000013          0x0000019e   Section        0  libinit2.o(.ARM.Collect$$libinit$$00000013)
    .ARM.Collect$$libinit$$00000015          0x0000019e   Section        0  libinit2.o(.ARM.Collect$$libinit$$00000015)
    .ARM.Collect$$libinit$$00000017          0x0000019e   Section        0  libinit2.o(.ARM.Collect$$libinit$$00000017)
    .ARM.Collect$$libinit$$00000019          0x0000019e   Section        0  libinit2.o(.ARM.Collect$$libinit$$00000019)
    .ARM.Collect$$libinit$$0000001B          0x0000019e   Section        0  libinit2.o(.ARM.Collect$$libinit$$0000001B)
    .ARM.Collect$$libinit$$0000001D          0x0000019e   Section        0  libinit2.o(.ARM.Collect$$libinit$$0000001D)
    .ARM.Collect$$libinit$$0000001F          0x0000019e   Section        0  libinit2.o(.ARM.Collect$$libinit$$0000001F)
    .ARM.Collect$$libinit$$00000021          0x0000019e   Section        0  libinit2.o(.ARM.Collect$$libinit$$00000021)
    .ARM.Collect$$libinit$$00000023          0x0000019e   Section        0  libinit2.o(.ARM.Collect$$libinit$$00000023)
    .ARM.Collect$$libinit$$00000025          0x0000019e   Section        0  libinit2.o(.ARM.Collect$$libinit$$00000025)
    .ARM.Collect$$libinit$$0000002C          0x0000019e   Section        0  libinit2.o(.ARM.Collect$$libinit$$0000002C)
    .ARM.Collect$$libinit$$0000002E          0x0000019e   Section        0  libinit2.o(.ARM.Collect$$libinit$$0000002E)
    .ARM.Collect$$libinit$$00000030          0x0000019e   Section        0  libinit2.o(.ARM.Collect$$libinit$$00000030)
    .ARM.Collect$$libinit$$00000032          0x0000019e   Section        0  libinit2.o(.ARM.Collect$$libinit$$00000032)
    .ARM.Collect$$libinit$$00000033          0x0000019e   Section        2  libinit2.o(.ARM.Collect$$libinit$$00000033)
    .ARM.Collect$$libshutdown$$00000000      0x000001a0   Section        2  libshutdown.o(.ARM.Collect$$libshutdown$$00000000)
    .ARM.Collect$$libshutdown$$00000002      0x000001a2   Section        0  libshutdown2.o(.ARM.Collect$$libshutdown$$00000002)
    .ARM.Collect$$libshutdown$$00000004      0x000001a2   Section        0  libshutdown2.o(.ARM.Collect$$libshutdown$$00000004)
    .ARM.Collect$$libshutdown$$00000006      0x000001a2   Section        0  libshutdown2.o(.ARM.Collect$$libshutdown$$00000006)
    .ARM.Collect$$libshutdown$$00000009      0x000001a2   Section        0  libshutdown2.o(.ARM.Collect$$libshutdown$$00000009)
    .ARM.Collect$$libshutdown$$0000000C      0x000001a2   Section        0  libshutdown2.o(.ARM.Collect$$libshutdown$$0000000C)
    .ARM.Collect$$libshutdown$$0000000E      0x000001a2   Section        0  libshutdown2.o(.ARM.Collect$$libshutdown$$0000000E)
    .ARM.Collect$$libshutdown$$00000011      0x000001a2   Section        0  libshutdown2.o(.ARM.Collect$$libshutdown$$00000011)
    .ARM.Collect$$libshutdown$$00000012      0x000001a2   Section        2  libshutdown2.o(.ARM.Collect$$libshutdown$$00000012)
    .ARM.Collect$$rtentry$$00000000          0x000001a4   Section        0  __rtentry.o(.ARM.Collect$$rtentry$$00000000)
    .ARM.Collect$$rtentry$$00000002          0x000001a4   Section        0  __rtentry2.o(.ARM.Collect$$rtentry$$00000002)
    .ARM.Collect$$rtentry$$00000004          0x000001a4   Section        6  __rtentry4.o(.ARM.Collect$$rtentry$$00000004)
    .ARM.Collect$$rtentry$$00000009          0x000001aa   Section        0  __rtentry2.o(.ARM.Collect$$rtentry$$00000009)
    .ARM.Collect$$rtentry$$0000000A          0x000001aa   Section        4  __rtentry2.o(.ARM.Collect$$rtentry$$0000000A)
    .ARM.Collect$$rtentry$$0000000C          0x000001ae   Section        0  __rtentry2.o(.ARM.Collect$$rtentry$$0000000C)
    .ARM.Collect$$rtentry$$0000000D          0x000001ae   Section        8  __rtentry2.o(.ARM.Collect$$rtentry$$0000000D)
    .ARM.Collect$$rtexit$$00000000           0x000001b6   Section        2  rtexit.o(.ARM.Collect$$rtexit$$00000000)
    .ARM.Collect$$rtexit$$00000002           0x000001b8   Section        0  rtexit2.o(.ARM.Collect$$rtexit$$00000002)
    .ARM.Collect$$rtexit$$00000003           0x000001b8   Section        4  rtexit2.o(.ARM.Collect$$rtexit$$00000003)
    .ARM.Collect$$rtexit$$00000004           0x000001bc   Section        6  rtexit2.o(.ARM.Collect$$rtexit$$00000004)
    .text                                    0x000001c4   Section       52  startup_lpc17xx.o(.text)
    .text                                    0x000001f8   Section        0  sample.o(.text)
    .text                                    0x000002c4   Section        0  asciilib.o(.text)
    .text                                    0x000002e4   Section       16  rt_ctype_table.o(.text)
    .text                                    0x000002f4   Section        0  heapauxi.o(.text)
    .text                                    0x000002fa   Section        2  use_no_semi.o(.text)
    .ARM.__at_0x02FC                         0x000002fc   Section        4  startup_lpc17xx.o(.ARM.__at_0x02FC)
    .text                                    0x00000300   Section        0  system_lpc17xx.o(.text)
    .text                                    0x0000054c   Section        0  irq_timer.o(.text)
    __NVIC_SetPriority                       0x0000054d   Thumb Code    32  irq_timer.o(.text)
    .text                                    0x00000ed0   Section        0  lib_timer.o(.text)
    __NVIC_EnableIRQ                         0x00000ed1   Thumb Code    34  lib_timer.o(.text)
    __NVIC_SetPriority                       0x00000ef3   Thumb Code    32  lib_timer.o(.text)
    .text                                    0x000011f4   Section        0  glcd.o(.text)
    LCD_Configuration                        0x000011f5   Thumb Code    20  glcd.o(.text)
    wait_delay                               0x00001209   Thumb Code    12  glcd.o(.text)
    LCD_SetCursor                            0x00001215   Thumb Code  1356  glcd.o(.text)
    delay_ms                                 0x00001761   Thumb Code    30  glcd.o(.text)
    LCD_BGR2RGB                              0x00004c5d   Thumb Code    26  glcd.o(.text)
    .text                                    0x000057b4   Section        0  irq_adc.o(.text)
    .text                                    0x00005b78   Section        0  lib_adc.o(.text)
    .text                                    0x00005be4   Section        0  irq_rit.o(.text)
    __NVIC_EnableIRQ                         0x00005be5   Thumb Code    34  irq_rit.o(.text)
    __NVIC_SetPriority                       0x00005c07   Thumb Code    32  irq_rit.o(.text)
    .text                                    0x000061bc   Section        0  lib_rit.o(.text)
    .text                                    0x00006250   Section        0  irq_button.o(.text)
    __NVIC_DisableIRQ                        0x00006251   Thumb Code    30  irq_button.o(.text)
    .text                                    0x000063c4   Section        0  lib_button.o(.text)
    __NVIC_EnableIRQ                         0x000063c5   Thumb Code    34  lib_button.o(.text)
    __NVIC_SetPriority                       0x000063e7   Thumb Code    32  lib_button.o(.text)
    .text                                    0x00006498   Section        0  noretval__2sprintf.o(.text)
    .text                                    0x000064c0   Section        0  __printf.o(.text)
    .text                                    0x00006528   Section        0  _printf_dec.o(.text)
    .text                                    0x000065a0   Section        0  atoi.o(.text)
    .text                                    0x000065ba   Section        0  strlen.o(.text)
    .text                                    0x000065f8   Section      138  rt_memcpy_v6.o(.text)
    .text                                    0x00006682   Section      100  rt_memcpy_w.o(.text)
    .text                                    0x000066e8   Section        8  rt_locale_intlibspace.o(.text)
    .text                                    0x000066f0   Section        8  rt_errno_addr_intlibspace.o(.text)
    .text                                    0x000066f8   Section        0  _printf_intcommon.o(.text)
    .text                                    0x000067ac   Section        0  _printf_char_common.o(.text)
    _printf_input_char                       0x000067ad   Thumb Code    10  _printf_char_common.o(.text)
    .text                                    0x000067dc   Section        0  _sputc.o(.text)
    .text                                    0x000067e6   Section        0  strtol.o(.text)
    .text                                    0x00006858   Section        8  libspace.o(.text)
    .text                                    0x00006860   Section        0  _strtoul.o(.text)
    .text                                    0x00006900   Section      128  strcmpv7m.o(.text)
    .text                                    0x00006980   Section        0  indicate_semi.o(.text)
    .text                                    0x00006980   Section       74  sys_stackheap_outer.o(.text)
    .text                                    0x000069ca   Section        0  _chval.o(.text)
    .text                                    0x000069e6   Section        0  exit.o(.text)
    .text                                    0x000069f8   Section        0  sys_exit.o(.text)
    locale$$code                             0x00006a04   Section       44  lc_ctype_c.o(locale$$code)
    .constdata                               0x00006a30   Section     1520  asciilib.o(.constdata)
    AsciiLib                                 0x00006a30   Data        1520  asciilib.o(.constdata)
    .constdata                               0x00007020   Section       60  irq_rit.o(.constdata)
    locale$$data                             0x0000708c   Section      272  lc_ctype_c.o(locale$$data)
    __lcctype_c_name                         0x00007090   Data           2  lc_ctype_c.o(locale$$data)
    __lcctype_c_start                        0x00007098   Data           0  lc_ctype_c.o(locale$$data)
    __lcctype_c_end                          0x0000719c   Data           0  lc_ctype_c.o(locale$$data)
    STACK                                    0x10000000   Section      512  startup_lpc17xx.o(STACK)
    Stack_Mem                                0x10000000   Data         512  startup_lpc17xx.o(STACK)
    __initial_sp                             0x10000200   Data           0  startup_lpc17xx.o(STACK)
    .data                                    0x2007c000   Section      288  sample.o(.data)
    .data                                    0x2007c120   Section        5  system_lpc17xx.o(.data)
    .data                                    0x2007c128   Section       16  irq_timer.o(.data)
    tmp                                      0x2007c128   Data           4  irq_timer.o(.data)
    parete                                   0x2007c12c   Data           4  irq_timer.o(.data)
    fatto                                    0x2007c130   Data           4  irq_timer.o(.data)
    pad                                      0x2007c134   Data           4  irq_timer.o(.data)
    .data                                    0x2007c138   Section        1  glcd.o(.data)
    LCD_Code                                 0x2007c138   Data           1  glcd.o(.data)
    .bss                                     0x2007c13c   Section       12  sample.o(.bss)
    .bss                                     0x2007c148   Section       96  libspace.o(.bss)
    HEAP                                     0x2007c1a8   Section        0  startup_lpc17xx.o(HEAP)
    Heap_Mem                                 0x2007c1a8   Data           0  startup_lpc17xx.o(HEAP)

    Global Symbols

    Symbol Name                              Value     Ov Type        Size  Object(Section)

    BuildAttributes$$THM_ISAv4$P$D$K$B$S$PE$A:L22UL41UL21$X:L11$S22US41US21$IEEE1$IW$USESV6$~STKCKD$USESV7$~SHL$OTIME$ROPI$IEEEX$EBA8$UX$STANDARDLIB$REQ8$PRES8$EABIv2 0x00000000   Number         0  anon$$obj.o ABSOLUTE
    __ARM_use_no_argv                        0x00000000   Number         0  sample.o ABSOLUTE
    __Vectors                                0x00000000   Data           4  startup_lpc17xx.o(RESET)
    __ARM_exceptions_init                     - Undefined Weak Reference
    __alloca_initialize                       - Undefined Weak Reference
    __arm_fini_                               - Undefined Weak Reference
    __arm_preinit_                            - Undefined Weak Reference
    __cpp_initialize__aeabi_                  - Undefined Weak Reference
    __cxa_finalize                            - Undefined Weak Reference
    __sigvec_lookup                           - Undefined Weak Reference
    __user_heap_extent                        - Undefined Weak Reference
    _atexit_init                              - Undefined Weak Reference
    _call_atexit_fns                          - Undefined Weak Reference
    _clock_init                               - Undefined Weak Reference
    _fp_trap_init                             - Undefined Weak Reference
    _fp_trap_shutdown                         - Undefined Weak Reference
    _get_lc_collate                           - Undefined Weak Reference
    _get_lc_monetary                          - Undefined Weak Reference
    _get_lc_numeric                           - Undefined Weak Reference
    _get_lc_time                              - Undefined Weak Reference
    _getenv_init                              - Undefined Weak Reference
    _handle_redirection                       - Undefined Weak Reference
    _initio                                   - Undefined Weak Reference
    _mutex_acquire                            - Undefined Weak Reference
    _mutex_free                               - Undefined Weak Reference
    _mutex_release                            - Undefined Weak Reference
    _printf_post_padding                      - Undefined Weak Reference
    _printf_pre_padding                       - Undefined Weak Reference
    _printf_truncate_signed                   - Undefined Weak Reference
    _printf_truncate_unsigned                 - Undefined Weak Reference
    _rand_init                                - Undefined Weak Reference
    _signal_finish                            - Undefined Weak Reference
    _signal_init                              - Undefined Weak Reference
    _terminateio                              - Undefined Weak Reference
    __main                                   0x000000cd   Thumb Code     8  __main.o(!!!main)
    __scatterload                            0x000000d5   Thumb Code     0  __scatter.o(!!!scatter)
    __scatterload_rt2                        0x000000d5   Thumb Code    44  __scatter.o(!!!scatter)
    __scatterload_rt2_thumb_only             0x000000d5   Thumb Code     0  __scatter.o(!!!scatter)
    __scatterload_null                       0x000000e3   Thumb Code     0  __scatter.o(!!!scatter)
    __decompress                             0x00000109   Thumb Code    90  __dczerorl2.o(!!dczerorl2)
    __decompress1                            0x00000109   Thumb Code     0  __dczerorl2.o(!!dczerorl2)
    __scatterload_zeroinit                   0x00000165   Thumb Code    28  __scatter_zi.o(!!handler_zi)
    _printf_d                                0x00000181   Thumb Code     0  _printf_d.o(.ARM.Collect$$_printf_percent$$00000009)
    _printf_percent                          0x00000181   Thumb Code     0  _printf_percent.o(.ARM.Collect$$_printf_percent$$00000000)
    _printf_percent_end                      0x00000187   Thumb Code     0  _printf_percent_end.o(.ARM.Collect$$_printf_percent$$00000017)
    __rt_lib_init                            0x0000018b   Thumb Code     0  libinit.o(.ARM.Collect$$libinit$$00000000)
    __rt_lib_init_fp_1                       0x0000018d   Thumb Code     0  libinit2.o(.ARM.Collect$$libinit$$00000002)
    __rt_lib_init_heap_1                     0x0000018d   Thumb Code     0  libinit2.o(.ARM.Collect$$libinit$$0000000A)
    __rt_lib_init_lc_common                  0x0000018d   Thumb Code     0  libinit2.o(.ARM.Collect$$libinit$$0000000F)
    __rt_lib_init_preinit_1                  0x0000018d   Thumb Code     0  libinit2.o(.ARM.Collect$$libinit$$00000004)
    __rt_lib_init_rand_1                     0x0000018d   Thumb Code     0  libinit2.o(.ARM.Collect$$libinit$$0000000E)
    __rt_lib_init_user_alloc_1               0x0000018d   Thumb Code     0  libinit2.o(.ARM.Collect$$libinit$$0000000C)
    __rt_lib_init_lc_collate_1               0x00000193   Thumb Code     0  libinit2.o(.ARM.Collect$$libinit$$00000011)
    __rt_lib_init_lc_ctype_2                 0x00000193   Thumb Code     0  libinit2.o(.ARM.Collect$$libinit$$00000012)
    __rt_lib_init_alloca_1                   0x0000019f   Thumb Code     0  libinit2.o(.ARM.Collect$$libinit$$0000002E)
    __rt_lib_init_argv_1                     0x0000019f   Thumb Code     0  libinit2.o(.ARM.Collect$$libinit$$0000002C)
    __rt_lib_init_atexit_1                   0x0000019f   Thumb Code     0  libinit2.o(.ARM.Collect$$libinit$$0000001B)
    __rt_lib_init_clock_1                    0x0000019f   Thumb Code     0  libinit2.o(.ARM.Collect$$libinit$$00000021)
    __rt_lib_init_cpp_1                      0x0000019f   Thumb Code     0  libinit2.o(.ARM.Collect$$libinit$$00000032)
    __rt_lib_init_exceptions_1               0x0000019f   Thumb Code     0  libinit2.o(.ARM.Collect$$libinit$$00000030)
    __rt_lib_init_fp_trap_1                  0x0000019f   Thumb Code     0  libinit2.o(.ARM.Collect$$libinit$$0000001F)
    __rt_lib_init_getenv_1                   0x0000019f   Thumb Code     0  libinit2.o(.ARM.Collect$$libinit$$00000023)
    __rt_lib_init_lc_ctype_1                 0x0000019f   Thumb Code     0  libinit2.o(.ARM.Collect$$libinit$$00000013)
    __rt_lib_init_lc_monetary_1              0x0000019f   Thumb Code     0  libinit2.o(.ARM.Collect$$libinit$$00000015)
    __rt_lib_init_lc_numeric_1               0x0000019f   Thumb Code     0  libinit2.o(.ARM.Collect$$libinit$$00000017)
    __rt_lib_init_lc_time_1                  0x0000019f   Thumb Code     0  libinit2.o(.ARM.Collect$$libinit$$00000019)
    __rt_lib_init_return                     0x0000019f   Thumb Code     0  libinit2.o(.ARM.Collect$$libinit$$00000033)
    __rt_lib_init_signal_1                   0x0000019f   Thumb Code     0  libinit2.o(.ARM.Collect$$libinit$$0000001D)
    __rt_lib_init_stdio_1                    0x0000019f   Thumb Code     0  libinit2.o(.ARM.Collect$$libinit$$00000025)
    __rt_lib_shutdown                        0x000001a1   Thumb Code     0  libshutdown.o(.ARM.Collect$$libshutdown$$00000000)
    __rt_lib_shutdown_cpp_1                  0x000001a3   Thumb Code     0  libshutdown2.o(.ARM.Collect$$libshutdown$$00000004)
    __rt_lib_shutdown_fini_1                 0x000001a3   Thumb Code     0  libshutdown2.o(.ARM.Collect$$libshutdown$$00000002)
    __rt_lib_shutdown_fp_trap_1              0x000001a3   Thumb Code     0  libshutdown2.o(.ARM.Collect$$libshutdown$$00000009)
    __rt_lib_shutdown_heap_1                 0x000001a3   Thumb Code     0  libshutdown2.o(.ARM.Collect$$libshutdown$$00000011)
    __rt_lib_shutdown_return                 0x000001a3   Thumb Code     0  libshutdown2.o(.ARM.Collect$$libshutdown$$00000012)
    __rt_lib_shutdown_signal_1               0x000001a3   Thumb Code     0  libshutdown2.o(.ARM.Collect$$libshutdown$$0000000C)
    __rt_lib_shutdown_stdio_1                0x000001a3   Thumb Code     0  libshutdown2.o(.ARM.Collect$$libshutdown$$00000006)
    __rt_lib_shutdown_user_alloc_1           0x000001a3   Thumb Code     0  libshutdown2.o(.ARM.Collect$$libshutdown$$0000000E)
    __rt_entry                               0x000001a5   Thumb Code     0  __rtentry.o(.ARM.Collect$$rtentry$$00000000)
    __rt_entry_presh_1                       0x000001a5   Thumb Code     0  __rtentry2.o(.ARM.Collect$$rtentry$$00000002)
    __rt_entry_sh                            0x000001a5   Thumb Code     0  __rtentry4.o(.ARM.Collect$$rtentry$$00000004)
    __rt_entry_li                            0x000001ab   Thumb Code     0  __rtentry2.o(.ARM.Collect$$rtentry$$0000000A)
    __rt_entry_postsh_1                      0x000001ab   Thumb Code     0  __rtentry2.o(.ARM.Collect$$rtentry$$00000009)
    __rt_entry_main                          0x000001af   Thumb Code     0  __rtentry2.o(.ARM.Collect$$rtentry$$0000000D)
    __rt_entry_postli_1                      0x000001af   Thumb Code     0  __rtentry2.o(.ARM.Collect$$rtentry$$0000000C)
    __rt_exit                                0x000001b7   Thumb Code     0  rtexit.o(.ARM.Collect$$rtexit$$00000000)
    __rt_exit_ls                             0x000001b9   Thumb Code     0  rtexit2.o(.ARM.Collect$$rtexit$$00000003)
    __rt_exit_prels_1                        0x000001b9   Thumb Code     0  rtexit2.o(.ARM.Collect$$rtexit$$00000002)
    __rt_exit_exit                           0x000001bd   Thumb Code     0  rtexit2.o(.ARM.Collect$$rtexit$$00000004)
    Reset_Handler                            0x000001c5   Thumb Code     4  startup_lpc17xx.o(.text)
    NMI_Handler                              0x000001c9   Thumb Code     2  startup_lpc17xx.o(.text)
    HardFault_Handler                        0x000001cb   Thumb Code     2  startup_lpc17xx.o(.text)
    MemManage_Handler                        0x000001cd   Thumb Code     2  startup_lpc17xx.o(.text)
    BusFault_Handler                         0x000001cf   Thumb Code     2  startup_lpc17xx.o(.text)
    UsageFault_Handler                       0x000001d1   Thumb Code     2  startup_lpc17xx.o(.text)
    SVC_Handler                              0x000001d3   Thumb Code     2  startup_lpc17xx.o(.text)
    DebugMon_Handler                         0x000001d5   Thumb Code     2  startup_lpc17xx.o(.text)
    PendSV_Handler                           0x000001d7   Thumb Code     2  startup_lpc17xx.o(.text)
    SysTick_Handler                          0x000001d9   Thumb Code     2  startup_lpc17xx.o(.text)
    BOD_IRQHandler                           0x000001db   Thumb Code     0  startup_lpc17xx.o(.text)
    CANActivity_IRQHandler                   0x000001db   Thumb Code     0  startup_lpc17xx.o(.text)
    CAN_IRQHandler                           0x000001db   Thumb Code     0  startup_lpc17xx.o(.text)
    DMA_IRQHandler                           0x000001db   Thumb Code     0  startup_lpc17xx.o(.text)
    EINT3_IRQHandler                         0x000001db   Thumb Code     0  startup_lpc17xx.o(.text)
    ENET_IRQHandler                          0x000001db   Thumb Code     0  startup_lpc17xx.o(.text)
    I2C0_IRQHandler                          0x000001db   Thumb Code     0  startup_lpc17xx.o(.text)
    I2C1_IRQHandler                          0x000001db   Thumb Code     0  startup_lpc17xx.o(.text)
    I2C2_IRQHandler                          0x000001db   Thumb Code     0  startup_lpc17xx.o(.text)
    I2S_IRQHandler                           0x000001db   Thumb Code     0  startup_lpc17xx.o(.text)
    MCPWM_IRQHandler                         0x000001db   Thumb Code     0  startup_lpc17xx.o(.text)
    PLL0_IRQHandler                          0x000001db   Thumb Code     0  startup_lpc17xx.o(.text)
    PLL1_IRQHandler                          0x000001db   Thumb Code     0  startup_lpc17xx.o(.text)
    PWM1_IRQHandler                          0x000001db   Thumb Code     0  startup_lpc17xx.o(.text)
    QEI_IRQHandler                           0x000001db   Thumb Code     0  startup_lpc17xx.o(.text)
    RTC_IRQHandler                           0x000001db   Thumb Code     0  startup_lpc17xx.o(.text)
    SPI_IRQHandler                           0x000001db   Thumb Code     0  startup_lpc17xx.o(.text)
    SSP0_IRQHandler                          0x000001db   Thumb Code     0  startup_lpc17xx.o(.text)
    SSP1_IRQHandler                          0x000001db   Thumb Code     0  startup_lpc17xx.o(.text)
    UART0_IRQHandler                         0x000001db   Thumb Code     0  startup_lpc17xx.o(.text)
    UART1_IRQHandler                         0x000001db   Thumb Code     0  startup_lpc17xx.o(.text)
    UART2_IRQHandler                         0x000001db   Thumb Code     0  startup_lpc17xx.o(.text)
    UART3_IRQHandler                         0x000001db   Thumb Code     0  startup_lpc17xx.o(.text)
    USBActivity_IRQHandler                   0x000001db   Thumb Code     0  startup_lpc17xx.o(.text)
    USB_IRQHandler                           0x000001db   Thumb Code     0  startup_lpc17xx.o(.text)
    WDT_IRQHandler                           0x000001db   Thumb Code     0  startup_lpc17xx.o(.text)
    __user_initial_stackheap                 0x000001dd   Thumb Code     0  startup_lpc17xx.o(.text)
    main                                     0x000001f9   Thumb Code   178  sample.o(.text)
    GetASCIICode                             0x000002c5   Thumb Code    26  asciilib.o(.text)
    __rt_ctype_table                         0x000002e5   Thumb Code    16  rt_ctype_table.o(.text)
    __use_two_region_memory                  0x000002f5   Thumb Code     2  heapauxi.o(.text)
    __rt_heap_escrow                         0x000002f7   Thumb Code     2  heapauxi.o(.text)
    __rt_heap_expand                         0x000002f9   Thumb Code     2  heapauxi.o(.text)
    __I$use$semihosting                      0x000002fb   Thumb Code     0  use_no_semi.o(.text)
    __use_no_semihosting_swi                 0x000002fb   Thumb Code     2  use_no_semi.o(.text)
    SystemInit                               0x00000301   Thumb Code   552  system_lpc17xx.o(.text)
    gestione_pad_ball_2                      0x0000056d   Thumb Code    32  irq_timer.o(.text)
    gestione_pad_ball                        0x0000058d   Thumb Code    36  irq_timer.o(.text)
    gestione_bordo                           0x000005b1   Thumb Code   302  irq_timer.o(.text)
    paint_ball                               0x000006df   Thumb Code    58  irq_timer.o(.text)
    Reverse_word                             0x00000719   Thumb Code    40  irq_timer.o(.text)
    modifica_speed                           0x00000741   Thumb Code   250  irq_timer.o(.text)
    TIMER0_IRQHandler                        0x0000083b   Thumb Code  1440  irq_timer.o(.text)
    TIMER1_IRQHandler                        0x00000ddb   Thumb Code    86  irq_timer.o(.text)
    TIMER2_IRQHandler                        0x00000e31   Thumb Code    72  irq_timer.o(.text)
    TIMER3_IRQHandler                        0x00000e79   Thumb Code    72  irq_timer.o(.text)
    enable_timer                             0x00000f13   Thumb Code    76  lib_timer.o(.text)
    disable_timer                            0x00000f5f   Thumb Code    44  lib_timer.o(.text)
    reset_timer                              0x00000f8b   Thumb Code    62  lib_timer.o(.text)
    init_timer                               0x00000fc9   Thumb Code   530  lib_timer.o(.text)
    LCD_Initialization                       0x0000177f   Thumb Code 12014  glcd.o(.text)
    LCD_Clear                                0x0000466d   Thumb Code  1520  glcd.o(.text)
    LCD_GetPoint                             0x00004c77   Thumb Code   994  glcd.o(.text)
    LCD_SetPoint                             0x00005059   Thumb Code   206  glcd.o(.text)
    LCD_DrawLine                             0x00005127   Thumb Code   250  glcd.o(.text)
    PutChar                                  0x00005221   Thumb Code   100  glcd.o(.text)
    PutChar_Reverse                          0x00005285   Thumb Code   100  glcd.o(.text)
    GUI_Text                                 0x000052e9   Thumb Code   110  glcd.o(.text)
    muro                                     0x00005357   Thumb Code   284  glcd.o(.text)
    paddle                                   0x00005473   Thumb Code   324  glcd.o(.text)
    incremento_coord                         0x000055b7   Thumb Code   304  glcd.o(.text)
    change_ball                              0x000056e7   Thumb Code    70  glcd.o(.text)
    bordo_rosso                              0x0000572d   Thumb Code    76  glcd.o(.text)
    start                                    0x00005779   Thumb Code    50  glcd.o(.text)
    paint_paddle                             0x000057b5   Thumb Code    76  irq_adc.o(.text)
    delate_paddle                            0x00005801   Thumb Code    70  irq_adc.o(.text)
    change_paddle2                           0x00005847   Thumb Code   454  irq_adc.o(.text)
    cattura_AD_current                       0x00005a0d   Thumb Code    64  irq_adc.o(.text)
    change_paddle                            0x00005a4d   Thumb Code   212  irq_adc.o(.text)
    ADC_IRQHandler                           0x00005b21   Thumb Code    38  irq_adc.o(.text)
    ADC_init                                 0x00005b79   Thumb Code    76  lib_adc.o(.text)
    ADC_start_conversion                     0x00005bc5   Thumb Code    14  lib_adc.o(.text)
    RIT_IRQHandler                           0x00005c27   Thumb Code  1386  irq_rit.o(.text)
    enable_RIT                               0x000061bd   Thumb Code    14  lib_rit.o(.text)
    disable_RIT                              0x000061cb   Thumb Code    14  lib_rit.o(.text)
    reset_RIT                                0x000061d9   Thumb Code     8  lib_rit.o(.text)
    init_RIT                                 0x000061e1   Thumb Code    98  lib_rit.o(.text)
    EINT0_IRQHandler                         0x0000626f   Thumb Code   118  irq_button.o(.text)
    EINT1_IRQHandler                         0x000062e5   Thumb Code    86  irq_button.o(.text)
    EINT2_IRQHandler                         0x0000633b   Thumb Code    88  irq_button.o(.text)
    BUTTON_init                              0x00006407   Thumb Code   124  lib_button.o(.text)
    __2sprintf                               0x00006499   Thumb Code    34  noretval__2sprintf.o(.text)
    __printf                                 0x000064c1   Thumb Code   104  __printf.o(.text)
    _printf_int_dec                          0x00006529   Thumb Code   104  _printf_dec.o(.text)
    atoi                                     0x000065a1   Thumb Code    26  atoi.o(.text)
    strlen                                   0x000065bb   Thumb Code    62  strlen.o(.text)
    __aeabi_memcpy                           0x000065f9   Thumb Code     0  rt_memcpy_v6.o(.text)
    __rt_memcpy                              0x000065f9   Thumb Code   138  rt_memcpy_v6.o(.text)
    _memcpy_lastbytes                        0x0000665f   Thumb Code     0  rt_memcpy_v6.o(.text)
    __aeabi_memcpy4                          0x00006683   Thumb Code     0  rt_memcpy_w.o(.text)
    __aeabi_memcpy8                          0x00006683   Thumb Code     0  rt_memcpy_w.o(.text)
    __rt_memcpy_w                            0x00006683   Thumb Code   100  rt_memcpy_w.o(.text)
    _memcpy_lastbytes_aligned                0x000066cb   Thumb Code     0  rt_memcpy_w.o(.text)
    __rt_locale                              0x000066e9   Thumb Code     8  rt_locale_intlibspace.o(.text)
    __aeabi_errno_addr                       0x000066f1   Thumb Code     8  rt_errno_addr_intlibspace.o(.text)
    __errno$intlibspace                      0x000066f1   Thumb Code     0  rt_errno_addr_intlibspace.o(.text)
    __rt_errno_addr$intlibspace              0x000066f1   Thumb Code     0  rt_errno_addr_intlibspace.o(.text)
    _printf_int_common                       0x000066f9   Thumb Code   178  _printf_intcommon.o(.text)
    _printf_char_common                      0x000067b7   Thumb Code    32  _printf_char_common.o(.text)
    _sputc                                   0x000067dd   Thumb Code    10  _sputc.o(.text)
    strtol                                   0x000067e7   Thumb Code   112  strtol.o(.text)
    __user_libspace                          0x00006859   Thumb Code     8  libspace.o(.text)
    __user_perproc_libspace                  0x00006859   Thumb Code     0  libspace.o(.text)
    __user_perthread_libspace                0x00006859   Thumb Code     0  libspace.o(.text)
    _strtoul                                 0x00006861   Thumb Code   158  _strtoul.o(.text)
    strcmp                                   0x00006901   Thumb Code   128  strcmpv7m.o(.text)
    __semihosting_library_function           0x00006981   Thumb Code     0  indicate_semi.o(.text)
    __user_setup_stackheap                   0x00006981   Thumb Code    74  sys_stackheap_outer.o(.text)
    _chval                                   0x000069cb   Thumb Code    28  _chval.o(.text)
    exit                                     0x000069e7   Thumb Code    18  exit.o(.text)
    _sys_exit                                0x000069f9   Thumb Code     8  sys_exit.o(.text)
    _get_lc_ctype                            0x00006a05   Thumb Code    44  lc_ctype_c.o(locale$$code)
    Region$$Table$$Base                      0x0000705c   Number         0  anon$$obj.o(Region$$Table)
    Region$$Table$$Limit                     0x0000708c   Number         0  anon$$obj.o(Region$$Table)
    __ctype                                  0x00007099   Data           0  lc_ctype_c.o(locale$$data)
    score                                    0x2007c000   Data          10  sample.o(.data)
    finish                                   0x2007c00a   Data          10  sample.o(.data)
    vittoria                                 0x2007c014   Data          10  sample.o(.data)
    play_in_pause                            0x2007c01e   Data          10  sample.o(.data)
    score2                                   0x2007c028   Data          10  sample.o(.data)
    testo                                    0x2007c032   Data         100  sample.o(.data)
    testo2                                   0x2007c096   Data          20  sample.o(.data)
    endgame                                  0x2007c0aa   Data          20  sample.o(.data)
    go                                       0x2007c0be   Data          25  sample.o(.data)
    AD_current                               0x2007c0d8   Data           2  sample.o(.data)
    AD_last                                  0x2007c0da   Data           2  sample.o(.data)
    pallina_X                                0x2007c0dc   Data           2  sample.o(.data)
    pallina_Y                                0x2007c0de   Data           2  sample.o(.data)
    AD_curr2                                 0x2007c0e0   Data           2  sample.o(.data)
    AD_last2                                 0x2007c0e2   Data           2  sample.o(.data)
    angle                                    0x2007c0e4   Data           4  sample.o(.data)
    primo                                    0x2007c0e8   Data           4  sample.o(.data)
    partenza                                 0x2007c0ec   Data           4  sample.o(.data)
    increment_y                              0x2007c0f0   Data           4  sample.o(.data)
    increment_x                              0x2007c0f4   Data           4  sample.o(.data)
    down                                     0x2007c0f8   Data           4  sample.o(.data)
    down1                                    0x2007c0fc   Data           4  sample.o(.data)
    down2                                    0x2007c100   Data           4  sample.o(.data)
    pause                                    0x2007c104   Data           4  sample.o(.data)
    flag                                     0x2007c108   Data           4  sample.o(.data)
    facile                                   0x2007c10c   Data           4  sample.o(.data)
    medio                                    0x2007c110   Data           4  sample.o(.data)
    difficile                                0x2007c114   Data           4  sample.o(.data)
    scelta                                   0x2007c118   Data           4  sample.o(.data)
    increm                                   0x2007c11c   Data           4  sample.o(.data)
    SystemFrequency                          0x2007c120   Data           4  system_lpc17xx.o(.data)
    ScaleFlag                                0x2007c124   Data           1  system_lpc17xx.o(.data)
    Reverse                                  0x2007c13c   Data          12  sample.o(.bss)
    __libspace_start                         0x2007c148   Data          96  libspace.o(.bss)
    __temporary_stack_top$libspace           0x2007c1a8   Data           0  libspace.o(.bss)



==============================================================================

Memory Map of the image

  Image Entry point : 0x000000cd

  Load Region LR_IROM1 (Base: 0x00000000, Size: 0x000072d8, Max: 0x00080000, ABSOLUTE, COMPRESSED[0x0000720c])

    Execution Region ER_IROM1 (Exec base: 0x00000000, Load base: 0x00000000, Size: 0x0000719c, Max: 0x00080000, ABSOLUTE)

    Exec Addr    Load Addr    Size         Type   Attr      Idx    E Section Name        Object

    0x00000000   0x00000000   0x000000cc   Data   RO            3    RESET               startup_lpc17xx.o
    0x000000cc   0x000000cc   0x00000008   Code   RO          787  * !!!main             c_w.l(__main.o)
    0x000000d4   0x000000d4   0x00000034   Code   RO         1118    !!!scatter          c_w.l(__scatter.o)
    0x00000108   0x00000108   0x0000005a   Code   RO         1116    !!dczerorl2         c_w.l(__dczerorl2.o)
    0x00000162   0x00000162   0x00000002   PAD
    0x00000164   0x00000164   0x0000001c   Code   RO         1120    !!handler_zi        c_w.l(__scatter_zi.o)
    0x00000180   0x00000180   0x00000000   Code   RO          774    .ARM.Collect$$_printf_percent$$00000000  c_w.l(_printf_percent.o)
    0x00000180   0x00000180   0x00000006   Code   RO          773    .ARM.Collect$$_printf_percent$$00000009  c_w.l(_printf_d.o)
    0x00000186   0x00000186   0x00000004   Code   RO          879    .ARM.Collect$$_printf_percent$$00000017  c_w.l(_printf_percent_end.o)
    0x0000018a   0x0000018a   0x00000002   Code   RO         1049    .ARM.Collect$$libinit$$00000000  c_w.l(libinit.o)
    0x0000018c   0x0000018c   0x00000000   Code   RO          890    .ARM.Collect$$libinit$$00000002  c_w.l(libinit2.o)
    0x0000018c   0x0000018c   0x00000000   Code   RO          892    .ARM.Collect$$libinit$$00000004  c_w.l(libinit2.o)
    0x0000018c   0x0000018c   0x00000000   Code   RO          895    .ARM.Collect$$libinit$$0000000A  c_w.l(libinit2.o)
    0x0000018c   0x0000018c   0x00000000   Code   RO          897    .ARM.Collect$$libinit$$0000000C  c_w.l(libinit2.o)
    0x0000018c   0x0000018c   0x00000000   Code   RO          899    .ARM.Collect$$libinit$$0000000E  c_w.l(libinit2.o)
    0x0000018c   0x0000018c   0x00000006   Code   RO          900    .ARM.Collect$$libinit$$0000000F  c_w.l(libinit2.o)
    0x00000192   0x00000192   0x00000000   Code   RO          902    .ARM.Collect$$libinit$$00000011  c_w.l(libinit2.o)
    0x00000192   0x00000192   0x0000000c   Code   RO          903    .ARM.Collect$$libinit$$00000012  c_w.l(libinit2.o)
    0x0000019e   0x0000019e   0x00000000   Code   RO          904    .ARM.Collect$$libinit$$00000013  c_w.l(libinit2.o)
    0x0000019e   0x0000019e   0x00000000   Code   RO          906    .ARM.Collect$$libinit$$00000015  c_w.l(libinit2.o)
    0x0000019e   0x0000019e   0x00000000   Code   RO          908    .ARM.Collect$$libinit$$00000017  c_w.l(libinit2.o)
    0x0000019e   0x0000019e   0x00000000   Code   RO          910    .ARM.Collect$$libinit$$00000019  c_w.l(libinit2.o)
    0x0000019e   0x0000019e   0x00000000   Code   RO          912    .ARM.Collect$$libinit$$0000001B  c_w.l(libinit2.o)
    0x0000019e   0x0000019e   0x00000000   Code   RO          914    .ARM.Collect$$libinit$$0000001D  c_w.l(libinit2.o)
    0x0000019e   0x0000019e   0x00000000   Code   RO          916    .ARM.Collect$$libinit$$0000001F  c_w.l(libinit2.o)
    0x0000019e   0x0000019e   0x00000000   Code   RO          918    .ARM.Collect$$libinit$$00000021  c_w.l(libinit2.o)
    0x0000019e   0x0000019e   0x00000000   Code   RO          920    .ARM.Collect$$libinit$$00000023  c_w.l(libinit2.o)
    0x0000019e   0x0000019e   0x00000000   Code   RO          922    .ARM.Collect$$libinit$$00000025  c_w.l(libinit2.o)
    0x0000019e   0x0000019e   0x00000000   Code   RO          926    .ARM.Collect$$libinit$$0000002C  c_w.l(libinit2.o)
    0x0000019e   0x0000019e   0x00000000   Code   RO          928    .ARM.Collect$$libinit$$0000002E  c_w.l(libinit2.o)
    0x0000019e   0x0000019e   0x00000000   Code   RO          930    .ARM.Collect$$libinit$$00000030  c_w.l(libinit2.o)
    0x0000019e   0x0000019e   0x00000000   Code   RO          932    .ARM.Collect$$libinit$$00000032  c_w.l(libinit2.o)
    0x0000019e   0x0000019e   0x00000002   Code   RO          933    .ARM.Collect$$libinit$$00000033  c_w.l(libinit2.o)
    0x000001a0   0x000001a0   0x00000002   Code   RO         1113    .ARM.Collect$$libshutdown$$00000000  c_w.l(libshutdown.o)
    0x000001a2   0x000001a2   0x00000000   Code   RO         1065    .ARM.Collect$$libshutdown$$00000002  c_w.l(libshutdown2.o)
    0x000001a2   0x000001a2   0x00000000   Code   RO         1067    .ARM.Collect$$libshutdown$$00000004  c_w.l(libshutdown2.o)
    0x000001a2   0x000001a2   0x00000000   Code   RO         1069    .ARM.Collect$$libshutdown$$00000006  c_w.l(libshutdown2.o)
    0x000001a2   0x000001a2   0x00000000   Code   RO         1072    .ARM.Collect$$libshutdown$$00000009  c_w.l(libshutdown2.o)
    0x000001a2   0x000001a2   0x00000000   Code   RO         1075    .ARM.Collect$$libshutdown$$0000000C  c_w.l(libshutdown2.o)
    0x000001a2   0x000001a2   0x00000000   Code   RO         1077    .ARM.Collect$$libshutdown$$0000000E  c_w.l(libshutdown2.o)
    0x000001a2   0x000001a2   0x00000000   Code   RO         1080    .ARM.Collect$$libshutdown$$00000011  c_w.l(libshutdown2.o)
    0x000001a2   0x000001a2   0x00000002   Code   RO         1081    .ARM.Collect$$libshutdown$$00000012  c_w.l(libshutdown2.o)
    0x000001a4   0x000001a4   0x00000000   Code   RO          829    .ARM.Collect$$rtentry$$00000000  c_w.l(__rtentry.o)
    0x000001a4   0x000001a4   0x00000000   Code   RO          978    .ARM.Collect$$rtentry$$00000002  c_w.l(__rtentry2.o)
    0x000001a4   0x000001a4   0x00000006   Code   RO          990    .ARM.Collect$$rtentry$$00000004  c_w.l(__rtentry4.o)
    0x000001aa   0x000001aa   0x00000000   Code   RO          980    .ARM.Collect$$rtentry$$00000009  c_w.l(__rtentry2.o)
    0x000001aa   0x000001aa   0x00000004   Code   RO          981    .ARM.Collect$$rtentry$$0000000A  c_w.l(__rtentry2.o)
    0x000001ae   0x000001ae   0x00000000   Code   RO          983    .ARM.Collect$$rtentry$$0000000C  c_w.l(__rtentry2.o)
    0x000001ae   0x000001ae   0x00000008   Code   RO          984    .ARM.Collect$$rtentry$$0000000D  c_w.l(__rtentry2.o)
    0x000001b6   0x000001b6   0x00000002   Code   RO         1054    .ARM.Collect$$rtexit$$00000000  c_w.l(rtexit.o)
    0x000001b8   0x000001b8   0x00000000   Code   RO         1087    .ARM.Collect$$rtexit$$00000002  c_w.l(rtexit2.o)
    0x000001b8   0x000001b8   0x00000004   Code   RO         1088    .ARM.Collect$$rtexit$$00000003  c_w.l(rtexit2.o)
    0x000001bc   0x000001bc   0x00000006   Code   RO         1089    .ARM.Collect$$rtexit$$00000004  c_w.l(rtexit2.o)
    0x000001c2   0x000001c2   0x00000002   PAD
    0x000001c4   0x000001c4   0x00000034   Code   RO            5    .text               startup_lpc17xx.o
    0x000001f8   0x000001f8   0x000000cc   Code   RO           16    .text               sample.o
    0x000002c4   0x000002c4   0x00000020   Code   RO          239    .text               asciilib.o
    0x000002e4   0x000002e4   0x00000010   Code   RO          685    .text               c_w.l(rt_ctype_table.o)
    0x000002f4   0x000002f4   0x00000006   Code   RO          785    .text               c_w.l(heapauxi.o)
    0x000002fa   0x000002fa   0x00000002   Code   RO         1023    .text               c_w.l(use_no_semi.o)
    0x000002fc   0x000002fc   0x00000004   Code   RO            4    .ARM.__at_0x02FC    startup_lpc17xx.o
    0x00000300   0x00000300   0x0000024c   Code   RO          117    .text               system_lpc17xx.o
    0x0000054c   0x0000054c   0x00000984   Code   RO          144    .text               irq_timer.o
    0x00000ed0   0x00000ed0   0x00000324   Code   RO          202    .text               lib_timer.o
    0x000011f4   0x000011f4   0x000045c0   Code   RO          259    .text               glcd.o
    0x000057b4   0x000057b4   0x000003c4   Code   RO          355    .text               irq_adc.o
    0x00005b78   0x00005b78   0x0000006c   Code   RO          396    .text               lib_adc.o
    0x00005be4   0x00005be4   0x000005d8   Code   RO          424    .text               irq_rit.o
    0x000061bc   0x000061bc   0x00000094   Code   RO          465    .text               lib_rit.o
    0x00006250   0x00006250   0x00000174   Code   RO          549    .text               irq_button.o
    0x000063c4   0x000063c4   0x000000d4   Code   RO          596    .text               lib_button.o
    0x00006498   0x00006498   0x00000028   Code   RO          747    .text               c_w.l(noretval__2sprintf.o)
    0x000064c0   0x000064c0   0x00000068   Code   RO          749    .text               c_w.l(__printf.o)
    0x00006528   0x00006528   0x00000078   Code   RO          751    .text               c_w.l(_printf_dec.o)
    0x000065a0   0x000065a0   0x0000001a   Code   RO          775    .text               c_w.l(atoi.o)
    0x000065ba   0x000065ba   0x0000003e   Code   RO          777    .text               c_w.l(strlen.o)
    0x000065f8   0x000065f8   0x0000008a   Code   RO          779    .text               c_w.l(rt_memcpy_v6.o)
    0x00006682   0x00006682   0x00000064   Code   RO          781    .text               c_w.l(rt_memcpy_w.o)
    0x000066e6   0x000066e6   0x00000002   PAD
    0x000066e8   0x000066e8   0x00000008   Code   RO          838    .text               c_w.l(rt_locale_intlibspace.o)
    0x000066f0   0x000066f0   0x00000008   Code   RO          843    .text               c_w.l(rt_errno_addr_intlibspace.o)
    0x000066f8   0x000066f8   0x000000b2   Code   RO          873    .text               c_w.l(_printf_intcommon.o)
    0x000067aa   0x000067aa   0x00000002   PAD
    0x000067ac   0x000067ac   0x00000030   Code   RO          875    .text               c_w.l(_printf_char_common.o)
    0x000067dc   0x000067dc   0x0000000a   Code   RO          877    .text               c_w.l(_sputc.o)
    0x000067e6   0x000067e6   0x00000070   Code   RO          880    .text               c_w.l(strtol.o)
    0x00006856   0x00006856   0x00000002   PAD
    0x00006858   0x00006858   0x00000008   Code   RO          974    .text               c_w.l(libspace.o)
    0x00006860   0x00006860   0x0000009e   Code   RO         1002    .text               c_w.l(_strtoul.o)
    0x000068fe   0x000068fe   0x00000002   PAD
    0x00006900   0x00006900   0x00000080   Code   RO         1008    .text               c_w.l(strcmpv7m.o)
    0x00006980   0x00006980   0x00000000   Code   RO         1025    .text               c_w.l(indicate_semi.o)
    0x00006980   0x00006980   0x0000004a   Code   RO         1026    .text               c_w.l(sys_stackheap_outer.o)
    0x000069ca   0x000069ca   0x0000001c   Code   RO         1032    .text               c_w.l(_chval.o)
    0x000069e6   0x000069e6   0x00000012   Code   RO         1034    .text               c_w.l(exit.o)
    0x000069f8   0x000069f8   0x0000000c   Code   RO         1052    .text               c_w.l(sys_exit.o)
    0x00006a04   0x00006a04   0x0000002c   Code   RO          883    locale$$code        c_w.l(lc_ctype_c.o)
    0x00006a30   0x00006a30   0x000005f0   Data   RO          240    .constdata          asciilib.o
    0x00007020   0x00007020   0x0000003c   Data   RO          425    .constdata          irq_rit.o
    0x0000705c   0x0000705c   0x00000030   Data   RO         1114    Region$$Table       anon$$obj.o
    0x0000708c   0x0000708c   0x00000110   Data   RO          882    locale$$data        c_w.l(lc_ctype_c.o)


    Execution Region RW_IRAM1 (Exec base: 0x10000000, Load base: 0x0000719c, Size: 0x00000200, Max: 0x00008000, ABSOLUTE)

    Exec Addr    Load Addr    Size         Type   Attr      Idx    E Section Name        Object

    0x10000000        -       0x00000200   Zero   RW            1    STACK               startup_lpc17xx.o


    Execution Region RW_IRAM2 (Exec base: 0x2007c000, Load base: 0x0000719c, Size: 0x000001a8, Max: 0x00008000, ABSOLUTE, COMPRESSED[0x00000070])

    Exec Addr    Load Addr    Size         Type   Attr      Idx    E Section Name        Object

    0x2007c000   COMPRESSED   0x00000120   Data   RW           18    .data               sample.o
    0x2007c120   COMPRESSED   0x00000005   Data   RW          118    .data               system_lpc17xx.o
    0x2007c125   COMPRESSED   0x00000003   PAD
    0x2007c128   COMPRESSED   0x00000010   Data   RW          145    .data               irq_timer.o
    0x2007c138   COMPRESSED   0x00000001   Data   RW          260    .data               glcd.o
    0x2007c139   COMPRESSED   0x00000003   PAD
    0x2007c13c        -       0x0000000c   Zero   RW           17    .bss                sample.o
    0x2007c148        -       0x00000060   Zero   RW          975    .bss                c_w.l(libspace.o)
    0x2007c1a8        -       0x00000000   Zero   RW            2    HEAP                startup_lpc17xx.o


==============================================================================

Image component sizes


      Code (inc. data)   RO Data    RW Data    ZI Data      Debug   Object Name

        32          6       1520          0          0       1079   asciilib.o
     17856        132          0          1          0      42748   glcd.o
       964         50          0          0          0       2008   irq_adc.o
       372         50          0          0          0       1089   irq_button.o
      1496        190         60          0          0       1593   irq_rit.o
      2436        164          0         16          0      20466   irq_timer.o
       108         18          0          0          0      27211   lib_adc.o
       212         22          0          0          0        930   lib_button.o
       148         14          0          0          0       1016   lib_rit.o
       804         26          0          0          0       2132   lib_timer.o
       204         26          0        288         12      23627   sample.o
        56         22        204          0        512       1044   startup_lpc17xx.o
       588         36          0          5          0        941   system_lpc17xx.o

    ----------------------------------------------------------------------
     25276        756       1832        316        524     125884   Object Totals
         0          0         48          0          0          0   (incl. Generated)
         0          0          0          6          0          0   (incl. Padding)

    ----------------------------------------------------------------------

      Code (inc. data)   RO Data    RW Data    ZI Data      Debug   Library Member Name

        90          0          0          0          0          0   __dczerorl2.o
         8          0          0          0          0         68   __main.o
       104          0          0          0          0         84   __printf.o
         0          0          0          0          0          0   __rtentry.o
        12          0          0          0          0          0   __rtentry2.o
         6          0          0          0          0          0   __rtentry4.o
        52          8          0          0          0          0   __scatter.o
        28          0          0          0          0          0   __scatter_zi.o
        28          0          0          0          0         68   _chval.o
        48          6          0          0          0         96   _printf_char_common.o
         6          0          0          0          0          0   _printf_d.o
       120         16          0          0          0         92   _printf_dec.o
       178          0          0          0          0         88   _printf_intcommon.o
         0          0          0          0          0          0   _printf_percent.o
         4          0          0          0          0          0   _printf_percent_end.o
        10          0          0          0          0         68   _sputc.o
       158          0          0          0          0         92   _strtoul.o
        26          0          0          0          0         80   atoi.o
        18          0          0          0          0         80   exit.o
         6          0          0          0          0        152   heapauxi.o
         0          0          0          0          0          0   indicate_semi.o
        44         10        272          0          0         76   lc_ctype_c.o
         2          0          0          0          0          0   libinit.o
        20          0          0          0          0          0   libinit2.o
         2          0          0          0          0          0   libshutdown.o
         2          0          0          0          0          0   libshutdown2.o
         8          4          0          0         96         68   libspace.o
        40          6          0          0          0         84   noretval__2sprintf.o
        16          4          0          0          0         76   rt_ctype_table.o
         8          4          0          0          0         68   rt_errno_addr_intlibspace.o
         8          4          0          0          0         68   rt_locale_intlibspace.o
       138          0          0          0          0         68   rt_memcpy_v6.o
       100          0          0          0          0         80   rt_memcpy_w.o
         2          0          0          0          0          0   rtexit.o
        10          0          0          0          0          0   rtexit2.o
       128          0          0          0          0         68   strcmpv7m.o
        62          0          0          0          0         76   strlen.o
       112          0          0          0          0         88   strtol.o
        12          4          0          0          0         68   sys_exit.o
        74          0          0          0          0         80   sys_stackheap_outer.o
         2          0          0          0          0         68   use_no_semi.o

    ----------------------------------------------------------------------
      1704         66        272          0         96       2004   Library Totals
        12          0          0          0          0          0   (incl. Padding)

    ----------------------------------------------------------------------

      Code (inc. data)   RO Data    RW Data    ZI Data      Debug   Library Name

      1692         66        272          0         96       2004   c_w.l

    ----------------------------------------------------------------------
      1704         66        272          0         96       2004   Library Totals

    ----------------------------------------------------------------------

==============================================================================


      Code (inc. data)   RO Data    RW Data    ZI Data      Debug   

     26980        822       2104        316        620     126012   Grand Totals
     26980        822       2104        112        620     126012   ELF Image Totals (compressed)
     26980        822       2104        112          0          0   ROM Totals

==============================================================================

    Total RO  Size (Code + RO Data)                29084 (  28.40kB)
    Total RW  Size (RW Data + ZI Data)               936 (   0.91kB)
    Total ROM Size (Code + RO Data + RW Data)      29196 (  28.51kB)

==============================================================================

